Component: ARM Compiler 5.06 update 6 (build 750) Tool: armlink [4d35ed]

==============================================================================

Section Cross References

    startup_stm32f103xb.o(RESET) refers to startup_stm32f103xb.o(STACK) for __initial_sp
    startup_stm32f103xb.o(RESET) refers to startup_stm32f103xb.o(.text) for Reset_Handler
    startup_stm32f103xb.o(RESET) refers to stm32f1xx_it.o(i.NMI_Handler) for NMI_Handler
    startup_stm32f103xb.o(RESET) refers to stm32f1xx_it.o(i.HardFault_Handler) for HardFault_Handler
    startup_stm32f103xb.o(RESET) refers to stm32f1xx_it.o(i.MemManage_Handler) for MemManage_Handler
    startup_stm32f103xb.o(RESET) refers to stm32f1xx_it.o(i.BusFault_Handler) for BusFault_Handler
    startup_stm32f103xb.o(RESET) refers to stm32f1xx_it.o(i.UsageFault_Handler) for UsageFault_Handler
    startup_stm32f103xb.o(RESET) refers to stm32f1xx_it.o(i.SVC_Handler) for SVC_Handler
    startup_stm32f103xb.o(RESET) refers to stm32f1xx_it.o(i.DebugMon_Handler) for DebugMon_Handler
    startup_stm32f103xb.o(RESET) refers to stm32f1xx_it.o(i.PendSV_Handler) for PendSV_Handler
    startup_stm32f103xb.o(RESET) refers to stm32f1xx_it.o(i.SysTick_Handler) for SysTick_Handler
    startup_stm32f103xb.o(RESET) refers to stm32f1xx_it.o(i.EXTI4_IRQHandler) for EXTI4_IRQHandler
    startup_stm32f103xb.o(RESET) refers to stm32f1xx_it.o(i.EXTI9_5_IRQHandler) for EXTI9_5_IRQHandler
    startup_stm32f103xb.o(RESET) refers to stm32f1xx_it.o(i.TIM1_UP_IRQHandler) for TIM1_UP_IRQHandler
    startup_stm32f103xb.o(.text) refers to system_stm32f1xx.o(i.SystemInit) for SystemInit
    startup_stm32f103xb.o(.text) refers to entry.o(.ARM.Collect$$$$00000000) for __main
    main.o(i.HAL_TIM_PeriodElapsedCallback) refers to main.o(i.previous_lyr_off) for previous_lyr_off
    main.o(i.HAL_TIM_PeriodElapsedCallback) refers to stm32f1xx_hal_gpio.o(i.HAL_GPIO_WritePin) for HAL_GPIO_WritePin
    main.o(i.HAL_TIM_PeriodElapsedCallback) refers to main.o(i.current_lyr_on) for current_lyr_on
    main.o(i.HAL_TIM_PeriodElapsedCallback) refers to tlc5940.o(i.tlc_spi_convert) for tlc_spi_convert
    main.o(i.HAL_TIM_PeriodElapsedCallback) refers to stm32f1xx_hal_spi.o(i.HAL_SPI_Transmit) for HAL_SPI_Transmit
    main.o(i.HAL_TIM_PeriodElapsedCallback) refers to main.o(.data) for UPDATE_FRAME
    main.o(i.HAL_TIM_PeriodElapsedCallback) refers to main.o(.bss) for hspi1
    main.o(i.HAL_UART_RxCpltCallback) refers to stm32f1xx_hal_uart.o(i.HAL_UART_Receive_IT) for HAL_UART_Receive_IT
    main.o(i.HAL_UART_RxCpltCallback) refers to main.o(.bss) for cliData
    main.o(i.HAL_UART_RxCpltCallback) refers to main.o(.data) for uartRxIndex
    main.o(i.MX_GPIO_Init) refers to stm32f1xx_hal_gpio.o(i.HAL_GPIO_WritePin) for HAL_GPIO_WritePin
    main.o(i.MX_GPIO_Init) refers to stm32f1xx_hal_gpio.o(i.HAL_GPIO_Init) for HAL_GPIO_Init
    main.o(i.MX_GPIO_Init) refers to stm32f1xx_hal_cortex.o(i.HAL_NVIC_SetPriority) for HAL_NVIC_SetPriority
    main.o(i.MX_GPIO_Init) refers to stm32f1xx_hal_cortex.o(i.HAL_NVIC_EnableIRQ) for HAL_NVIC_EnableIRQ
    main.o(i.MX_I2C1_Init) refers to stm32f1xx_hal_i2c.o(i.HAL_I2C_Init) for HAL_I2C_Init
    main.o(i.MX_I2C1_Init) refers to main.o(i.Error_Handler) for Error_Handler
    main.o(i.MX_I2C1_Init) refers to main.o(.bss) for hi2c1
    main.o(i.MX_RTC_Init) refers to stm32f1xx_hal_rtc.o(i.HAL_RTC_Init) for HAL_RTC_Init
    main.o(i.MX_RTC_Init) refers to main.o(i.Error_Handler) for Error_Handler
    main.o(i.MX_RTC_Init) refers to main.o(.bss) for hrtc
    main.o(i.MX_SPI1_Init) refers to stm32f1xx_hal_spi.o(i.HAL_SPI_Init) for HAL_SPI_Init
    main.o(i.MX_SPI1_Init) refers to main.o(i.Error_Handler) for Error_Handler
    main.o(i.MX_SPI1_Init) refers to main.o(.bss) for hspi1
    main.o(i.MX_TIM1_Init) refers to memseta.o(.text) for __aeabi_memclr4
    main.o(i.MX_TIM1_Init) refers to stm32f1xx_hal_tim.o(i.HAL_TIM_PWM_Init) for HAL_TIM_PWM_Init
    main.o(i.MX_TIM1_Init) refers to main.o(i.Error_Handler) for Error_Handler
    main.o(i.MX_TIM1_Init) refers to stm32f1xx_hal_tim_ex.o(i.HAL_TIMEx_MasterConfigSynchronization) for HAL_TIMEx_MasterConfigSynchronization
    main.o(i.MX_TIM1_Init) refers to stm32f1xx_hal_tim.o(i.HAL_TIM_PWM_ConfigChannel) for HAL_TIM_PWM_ConfigChannel
    main.o(i.MX_TIM1_Init) refers to stm32f1xx_hal_tim_ex.o(i.HAL_TIMEx_ConfigBreakDeadTime) for HAL_TIMEx_ConfigBreakDeadTime
    main.o(i.MX_TIM1_Init) refers to stm32f1xx_hal_msp.o(i.HAL_TIM_MspPostInit) for HAL_TIM_MspPostInit
    main.o(i.MX_TIM1_Init) refers to main.o(.bss) for htim1
    main.o(i.MX_TIM2_Init) refers to memseta.o(.text) for __aeabi_memclr4
    main.o(i.MX_TIM2_Init) refers to stm32f1xx_hal_tim.o(i.HAL_TIM_OC_Init) for HAL_TIM_OC_Init
    main.o(i.MX_TIM2_Init) refers to main.o(i.Error_Handler) for Error_Handler
    main.o(i.MX_TIM2_Init) refers to stm32f1xx_hal_tim_ex.o(i.HAL_TIMEx_MasterConfigSynchronization) for HAL_TIMEx_MasterConfigSynchronization
[...]
    Removing stm32f1xx_hal_tim.o(i.HAL_TIM_Encoder_Start_DMA), (380 bytes).
    Removing stm32f1xx_hal_tim.o(i.HAL_TIM_Encoder_Start_IT), (126 bytes).
    Removing stm32f1xx_hal_tim.o(i.HAL_TIM_Encoder_Stop), (104 bytes).
    Removing stm32f1xx_hal_tim.o(i.HAL_TIM_Encoder_Stop_DMA), (176 bytes).
    Removing stm32f1xx_hal_tim.o(i.HAL_TIM_Encoder_Stop_IT), (152 bytes).
    Removing stm32f1xx_hal_tim.o(i.HAL_TIM_ErrorCallback), (2 bytes).
    Removing stm32f1xx_hal_tim.o(i.HAL_TIM_GenerateEvent), (54 bytes).
    Removing stm32f1xx_hal_tim.o(i.HAL_TIM_IC_CaptureHalfCpltCallback), (2 bytes).
    Removing stm32f1xx_hal_tim.o(i.HAL_TIM_IC_ConfigChannel), (224 bytes).
    Removing stm32f1xx_hal_tim.o(i.HAL_TIM_IC_DeInit), (70 bytes).
    Removing stm32f1xx_hal_tim.o(i.HAL_TIM_IC_GetState), (8 bytes).
    Removing stm32f1xx_hal_tim.o(i.HAL_TIM_IC_Init), (52 bytes).
    Removing stm32f1xx_hal_tim.o(i.HAL_TIM_IC_MspDeInit), (2 bytes).
    Removing stm32f1xx_hal_tim.o(i.HAL_TIM_IC_MspInit), (2 bytes).
    Removing stm32f1xx_hal_tim.o(i.HAL_TIM_IC_Start), (44 bytes).
    Removing stm32f1xx_hal_tim.o(i.HAL_TIM_IC_Start_DMA), (332 bytes).
    Removing stm32f1xx_hal_tim.o(i.HAL_TIM_IC_Start_IT), (120 bytes).
    Removing stm32f1xx_hal_tim.o(i.HAL_TIM_IC_Stop), (58 bytes).
    Removing stm32f1xx_hal_tim.o(i.HAL_TIM_IC_Stop_DMA), (164 bytes).
    Removing stm32f1xx_hal_tim.o(i.HAL_TIM_IC_Stop_IT), (134 bytes).
    Removing stm32f1xx_hal_tim.o(i.HAL_TIM_OC_DeInit), (70 bytes).
    Removing stm32f1xx_hal_tim.o(i.HAL_TIM_OC_GetState), (8 bytes).
    Removing stm32f1xx_hal_tim.o(i.HAL_TIM_OC_MspDeInit), (2 bytes).
    Removing stm32f1xx_hal_tim.o(i.HAL_TIM_OC_MspInit), (2 bytes).
    Removing stm32f1xx_hal_tim.o(i.HAL_TIM_OC_Start), (76 bytes).
    Removing stm32f1xx_hal_tim.o(i.HAL_TIM_OC_Start_DMA), (364 bytes).
    Removing stm32f1xx_hal_tim.o(i.HAL_TIM_OC_Start_IT), (152 bytes).
    Removing stm32f1xx_hal_tim.o(i.HAL_TIM_OC_Stop), (116 bytes).
    Removing stm32f1xx_hal_tim.o(i.HAL_TIM_OC_Stop_DMA), (224 bytes).
    Removing stm32f1xx_hal_tim.o(i.HAL_TIM_OC_Stop_IT), (192 bytes).
    Removing stm32f1xx_hal_tim.o(i.HAL_TIM_OnePulse_ConfigChannel), (286 bytes).
    Removing stm32f1xx_hal_tim.o(i.HAL_TIM_OnePulse_DeInit), (70 bytes).
    Removing stm32f1xx_hal_tim.o(i.HAL_TIM_OnePulse_GetState), (8 bytes).
    Removing stm32f1xx_hal_tim.o(i.HAL_TIM_OnePulse_Init), (76 bytes).
    Removing stm32f1xx_hal_tim.o(i.HAL_TIM_OnePulse_MspDeInit), (2 bytes).
    Removing stm32f1xx_hal_tim.o(i.HAL_TIM_OnePulse_MspInit), (2 bytes).
    Removing stm32f1xx_hal_tim.o(i.HAL_TIM_OnePulse_Start), (64 bytes).
    Removing stm32f1xx_hal_tim.o(i.HAL_TIM_OnePulse_Start_IT), (88 bytes).
    Removing stm32f1xx_hal_tim.o(i.HAL_TIM_OnePulse_Stop), (128 bytes).
    Removing stm32f1xx_hal_tim.o(i.HAL_TIM_OnePulse_Stop_IT), (152 bytes).
    Removing stm32f1xx_hal_tim.o(i.HAL_TIM_PWM_DeInit), (70 bytes).
    Removing stm32f1xx_hal_tim.o(i.HAL_TIM_PWM_GetState), (8 bytes).
    Removing stm32f1xx_hal_tim.o(i.HAL_TIM_PWM_MspDeInit), (2 bytes).
    Removing stm32f1xx_hal_tim.o(i.HAL_TIM_PWM_MspInit), (2 bytes).
    Removing stm32f1xx_hal_tim.o(i.HAL_TIM_PWM_PulseFinishedHalfCpltCallback), (2 bytes).
    Removing stm32f1xx_hal_tim.o(i.HAL_TIM_PWM_Start), (76 bytes).
    Removing stm32f1xx_hal_tim.o(i.HAL_TIM_PWM_Start_DMA), (364 bytes).
    Removing stm32f1xx_hal_tim.o(i.HAL_TIM_PWM_Start_IT), (152 bytes).
    Removing stm32f1xx_hal_tim.o(i.HAL_TIM_PWM_Stop), (124 bytes).
    Removing stm32f1xx_hal_tim.o(i.HAL_TIM_PWM_Stop_DMA), (224 bytes).
    Removing stm32f1xx_hal_tim.o(i.HAL_TIM_PWM_Stop_IT), (192 bytes).
    Removing stm32f1xx_hal_tim.o(i.HAL_TIM_PeriodElapsedCallback), (2 bytes).
    Removing stm32f1xx_hal_tim.o(i.HAL_TIM_PeriodElapsedHalfCpltCallback), (2 bytes).
    Removing stm32f1xx_hal_tim.o(i.HAL_TIM_ReadCapturedValue), (50 bytes).
    Removing stm32f1xx_hal_tim.o(i.HAL_TIM_SlaveConfigSynchro), (108 bytes).
    Removing stm32f1xx_hal_tim.o(i.HAL_TIM_SlaveConfigSynchro_IT), (108 bytes).
    Removing stm32f1xx_hal_tim.o(i.HAL_TIM_TriggerHalfCpltCallback), (2 bytes).
    Removing stm32f1xx_hal_tim.o(i.TIM_CCxChannelCmd), (34 bytes).
    Removing stm32f1xx_hal_tim.o(i.TIM_DMACaptureCplt), (70 bytes).
    Removing stm32f1xx_hal_tim.o(i.TIM_DMACaptureHalfCplt), (70 bytes).
    Removing stm32f1xx_hal_tim.o(i.TIM_DMADelayPulseCplt), (70 bytes).
    Removing stm32f1xx_hal_tim.o(i.TIM_DMADelayPulseHalfCplt), (70 bytes).
    Removing stm32f1xx_hal_tim.o(i.TIM_DMAError), (20 bytes).
    Removing stm32f1xx_hal_tim.o(i.TIM_DMAPeriodElapsedCplt), (20 bytes).
    Removing stm32f1xx_hal_tim.o(i.TIM_DMAPeriodElapsedHalfCplt), (20 bytes).
    Removing stm32f1xx_hal_tim.o(i.TIM_DMATriggerCplt), (20 bytes).
    Removing stm32f1xx_hal_tim.o(i.TIM_DMATriggerHalfCplt), (20 bytes).
    Removing stm32f1xx_hal_tim.o(i.TIM_ETR_SetConfig), (22 bytes).
    Removing stm32f1xx_hal_tim.o(i.TIM_ITRx_SetConfig), (18 bytes).
    Removing stm32f1xx_hal_tim.o(i.TIM_SlaveTimer_SetConfig), (170 bytes).
    Removing stm32f1xx_hal_tim.o(i.TIM_TI1_ConfigInputStage), (38 bytes).
    Removing stm32f1xx_hal_tim.o(i.TIM_TI1_SetConfig), (104 bytes).
    Removing stm32f1xx_hal_tim.o(i.TIM_TI2_ConfigInputStage), (40 bytes).
    Removing stm32f1xx_hal_tim.o(i.TIM_TI2_SetConfig), (58 bytes).
    Removing stm32f1xx_hal_tim.o(i.TIM_TI3_SetConfig), (56 bytes).
    Removing stm32f1xx_hal_tim.o(i.TIM_TI4_SetConfig), (60 bytes).
    Removing stm32f1xx_hal_tim_ex.o(.rev16_text), (4 bytes).
    Removing stm32f1xx_hal_tim_ex.o(.revsh_text), (4 bytes).
    Removing stm32f1xx_hal_tim_ex.o(.rrx_text), (6 bytes).
    Removing stm32f1xx_hal_tim_ex.o(i.HAL_TIMEx_CommutHalfCpltCallback), (2 bytes).
    Removing stm32f1xx_hal_tim_ex.o(i.HAL_TIMEx_ConfigCommutEvent), (134 bytes).
    Removing stm32f1xx_hal_tim_ex.o(i.HAL_TIMEx_ConfigCommutEvent_DMA), (164 bytes).
    Removing stm32f1xx_hal_tim_ex.o(i.HAL_TIMEx_ConfigCommutEvent_IT), (134 bytes).
    Removing stm32f1xx_hal_tim_ex.o(i.HAL_TIMEx_HallSensor_DeInit), (70 bytes).
    Removing stm32f1xx_hal_tim_ex.o(i.HAL_TIMEx_HallSensor_GetState), (8 bytes).
    Removing stm32f1xx_hal_tim_ex.o(i.HAL_TIMEx_HallSensor_Init), (208 bytes).
    Removing stm32f1xx_hal_tim_ex.o(i.HAL_TIMEx_HallSensor_MspDeInit), (2 bytes).
    Removing stm32f1xx_hal_tim_ex.o(i.HAL_TIMEx_HallSensor_MspInit), (2 bytes).
    Removing stm32f1xx_hal_tim_ex.o(i.HAL_TIMEx_HallSensor_Start), (42 bytes).
    Removing stm32f1xx_hal_tim_ex.o(i.HAL_TIMEx_HallSensor_Start_DMA), (144 bytes).
    Removing stm32f1xx_hal_tim_ex.o(i.HAL_TIMEx_HallSensor_Start_IT), (54 bytes).
    Removing stm32f1xx_hal_tim_ex.o(i.HAL_TIMEx_HallSensor_Stop), (56 bytes).
    Removing stm32f1xx_hal_tim_ex.o(i.HAL_TIMEx_HallSensor_Stop_DMA), (74 bytes).
    Removing stm32f1xx_hal_tim_ex.o(i.HAL_TIMEx_HallSensor_Stop_IT), (68 bytes).
    Removing stm32f1xx_hal_tim_ex.o(i.HAL_TIMEx_OCN_Start), (56 bytes).
    Removing stm32f1xx_hal_tim_ex.o(i.HAL_TIMEx_OCN_Start_DMA), (288 bytes).
    Removing stm32f1xx_hal_tim_ex.o(i.HAL_TIMEx_OCN_Start_IT), (126 bytes).
    Removing stm32f1xx_hal_tim_ex.o(i.HAL_TIMEx_OCN_Stop), (96 bytes).
    Removing stm32f1xx_hal_tim_ex.o(i.HAL_TIMEx_OCN_Stop_DMA), (178 bytes).
    Removing stm32f1xx_hal_tim_ex.o(i.HAL_TIMEx_OCN_Stop_IT), (178 bytes).
    Removing stm32f1xx_hal_tim_ex.o(i.HAL_TIMEx_OnePulseN_Start), (32 bytes).
    Removing stm32f1xx_hal_tim_ex.o(i.HAL_TIMEx_OnePulseN_Start_IT), (56 bytes).
    Removing stm32f1xx_hal_tim_ex.o(i.HAL_TIMEx_OnePulseN_Stop), (96 bytes).
    Removing stm32f1xx_hal_tim_ex.o(i.HAL_TIMEx_OnePulseN_Stop_IT), (120 bytes).
    Removing stm32f1xx_hal_tim_ex.o(i.HAL_TIMEx_PWMN_Start), (56 bytes).
    Removing stm32f1xx_hal_tim_ex.o(i.HAL_TIMEx_PWMN_Start_DMA), (288 bytes).
    Removing stm32f1xx_hal_tim_ex.o(i.HAL_TIMEx_PWMN_Start_IT), (126 bytes).
    Removing stm32f1xx_hal_tim_ex.o(i.HAL_TIMEx_PWMN_Stop), (96 bytes).
    Removing stm32f1xx_hal_tim_ex.o(i.HAL_TIMEx_PWMN_Stop_DMA), (178 bytes).
    Removing stm32f1xx_hal_tim_ex.o(i.HAL_TIMEx_PWMN_Stop_IT), (178 bytes).
    Removing stm32f1xx_hal_tim_ex.o(i.HAL_TIMEx_RemapConfig), (6 bytes).
    Removing stm32f1xx_hal_tim_ex.o(i.TIMEx_DMACommutationCplt), (20 bytes).
    Removing stm32f1xx_hal_tim_ex.o(i.TIMEx_DMACommutationHalfCplt), (20 bytes).
    Removing stm32f1xx_hal_tim_ex.o(i.TIM_CCxNChannelCmd), (34 bytes).
    Removing stm32f1xx_hal_uart.o(.rev16_text), (4 bytes).
    Removing stm32f1xx_hal_uart.o(.revsh_text), (4 bytes).
    Removing stm32f1xx_hal_uart.o(.rrx_text), (6 bytes).
    Removing stm32f1xx_hal_uart.o(i.HAL_HalfDuplex_EnableReceiver), (68 bytes).
    Removing stm32f1xx_hal_uart.o(i.HAL_HalfDuplex_EnableTransmitter), (68 bytes).
    Removing stm32f1xx_hal_uart.o(i.HAL_HalfDuplex_Init), (118 bytes).
    Removing stm32f1xx_hal_uart.o(i.HAL_LIN_Init), (142 bytes).
    Removing stm32f1xx_hal_uart.o(i.HAL_LIN_SendBreak), (62 bytes).
    Removing stm32f1xx_hal_uart.o(i.HAL_MultiProcessor_EnterMuteMode), (62 bytes).
    Removing stm32f1xx_hal_uart.o(i.HAL_MultiProcessor_ExitMuteMode), (62 bytes).
    Removing stm32f1xx_hal_uart.o(i.HAL_MultiProcessor_Init), (154 bytes).
    Removing stm32f1xx_hal_uart.o(i.HAL_UART_Abort), (166 bytes).
    Removing stm32f1xx_hal_uart.o(i.HAL_UART_AbortCpltCallback), (2 bytes).
    Removing stm32f1xx_hal_uart.o(i.HAL_UART_AbortReceive), (100 bytes).
    Removing stm32f1xx_hal_uart.o(i.HAL_UART_AbortReceiveCpltCallback), (2 bytes).
    Removing stm32f1xx_hal_uart.o(i.HAL_UART_AbortReceive_IT), (120 bytes).
    Removing stm32f1xx_hal_uart.o(i.HAL_UART_AbortTransmit), (88 bytes).
    Removing stm32f1xx_hal_uart.o(i.HAL_UART_AbortTransmitCpltCallback), (2 bytes).
    Removing stm32f1xx_hal_uart.o(i.HAL_UART_AbortTransmit_IT), (108 bytes).
    Removing stm32f1xx_hal_uart.o(i.HAL_UART_Abort_IT), (216 bytes).
    Removing stm32f1xx_hal_uart.o(i.HAL_UART_DMAPause), (124 bytes).
    Removing stm32f1xx_hal_uart.o(i.HAL_UART_DMAResume), (126 bytes).
    Removing stm32f1xx_hal_uart.o(i.HAL_UART_DMAStop), (102 bytes).
    Removing stm32f1xx_hal_uart.o(i.HAL_UART_DeInit), (58 bytes).
    Removing stm32f1xx_hal_uart.o(i.HAL_UART_ErrorCallback), (2 bytes).
    Removing stm32f1xx_hal_uart.o(i.HAL_UART_GetError), (6 bytes).
    Removing stm32f1xx_hal_uart.o(i.HAL_UART_GetState), (20 bytes).
    Removing stm32f1xx_hal_uart.o(i.HAL_UART_IRQHandler), (332 bytes).
    Removing stm32f1xx_hal_uart.o(i.HAL_UART_MspDeInit), (2 bytes).
    Removing stm32f1xx_hal_uart.o(i.HAL_UART_MspInit), (2 bytes).
    Removing stm32f1xx_hal_uart.o(i.HAL_UART_Receive), (222 bytes).
    Removing stm32f1xx_hal_uart.o(i.HAL_UART_Receive_DMA), (196 bytes).
    Removing stm32f1xx_hal_uart.o(i.HAL_UART_RxCpltCallback), (2 bytes).
    Removing stm32f1xx_hal_uart.o(i.HAL_UART_RxHalfCpltCallback), (2 bytes).
    Removing stm32f1xx_hal_uart.o(i.HAL_UART_Transmit_DMA), (156 bytes).
    Removing stm32f1xx_hal_uart.o(i.HAL_UART_Transmit_IT), (88 bytes).
    Removing stm32f1xx_hal_uart.o(i.HAL_UART_TxCpltCallback), (2 bytes).
    Removing stm32f1xx_hal_uart.o(i.HAL_UART_TxHalfCpltCallback), (2 bytes).
    Removing stm32f1xx_hal_uart.o(i.UART_DMAAbortOnError), (20 bytes).
    Removing stm32f1xx_hal_uart.o(i.UART_DMAError), (80 bytes).
    Removing stm32f1xx_hal_uart.o(i.UART_DMAReceiveCplt), (70 bytes).
    Removing stm32f1xx_hal_uart.o(i.UART_DMARxAbortCallback), (52 bytes).
    Removing stm32f1xx_hal_uart.o(i.UART_DMARxHalfCplt), (14 bytes).
    Removing stm32f1xx_hal_uart.o(i.UART_DMARxOnlyAbortCallback), (24 bytes).
    Removing stm32f1xx_hal_uart.o(i.UART_DMATransmitCplt), (54 bytes).
    Removing stm32f1xx_hal_uart.o(i.UART_DMATxAbortCallback), (52 bytes).
    Removing stm32f1xx_hal_uart.o(i.UART_DMATxHalfCplt), (14 bytes).
    Removing stm32f1xx_hal_uart.o(i.UART_DMATxOnlyAbortCallback), (24 bytes).
    Removing stm32f1xx_hal_uart.o(i.UART_EndRxTransfer), (32 bytes).
    Removing stm32f1xx_hal_uart.o(i.UART_EndTransmit_IT), (32 bytes).
    Removing stm32f1xx_hal_uart.o(i.UART_EndTxTransfer), (20 bytes).
    Removing stm32f1xx_hal_uart.o(i.UART_Receive_IT), (166 bytes).
    Removing stm32f1xx_hal_uart.o(i.UART_Transmit_IT), (104 bytes).
    Removing system_stm32f1xx.o(.rev16_text), (4 bytes).
    Removing system_stm32f1xx.o(.revsh_text), (4 bytes).
    Removing system_stm32f1xx.o(.rrx_text), (6 bytes).
    Removing system_stm32f1xx.o(i.SystemCoreClockUpdate), (168 bytes).

611 unused section(s) (total 56104 bytes) removed from the image.

==============================================================================

Image Symbol Table

    Local Symbols

    Symbol Name                              Value     Ov Type        Size  Object(Section)

    ../Drivers/STM32F1xx_HAL_Driver/Src/stm32f1xx_hal.c 0x00000000   Number         0  stm32f1xx_hal.o ABSOLUTE
    ../Drivers/STM32F1xx_HAL_Driver/Src/stm32f1xx_hal_cortex.c 0x00000000   Number         0  stm32f1xx_hal_cortex.o ABSOLUTE
    ../Drivers/STM32F1xx_HAL_Driver/Src/stm32f1xx_hal_dma.c 0x00000000   Number         0  stm32f1xx_hal_dma.o ABSOLUTE
    ../Drivers/STM32F1xx_HAL_Driver/Src/stm32f1xx_hal_exti.c 0x00000000   Number         0  stm32f1xx_hal_exti.o ABSOLUTE
    ../Drivers/STM32F1xx_HAL_Driver/Src/stm32f1xx_hal_flash.c 0x00000000   Number         0  stm32f1xx_hal_flash.o ABSOLUTE
    ../Drivers/STM32F1xx_HAL_Driver/Src/stm32f1xx_hal_flash_ex.c 0x00000000   Number         0  stm32f1xx_hal_flash_ex.o ABSOLUTE
    ../Drivers/STM32F1xx_HAL_Driver/Src/stm32f1xx_hal_gpio.c 0x00000000   Number         0  stm32f1xx_hal_gpio.o ABSOLUTE
    ../Drivers/STM32F1xx_HAL_Driver/Src/stm32f1xx_hal_gpio_ex.c 0x00000000   Number         0  stm32f1xx_hal_gpio_ex.o ABSOLUTE
    ../Drivers/STM32F1xx_HAL_Driver/Src/stm32f1xx_hal_i2c.c 0x00000000   Number         0  stm32f1xx_hal_i2c.o ABSOLUTE
    ../Drivers/STM32F1xx_HAL_Driver/Src/stm32f1xx_hal_pwr.c 0x00000000   Number         0  stm32f1xx_hal_pwr.o ABSOLUTE
    ../Drivers/STM32F1xx_HAL_Driver/Src/stm32f1xx_hal_rcc.c 0x00000000   Number         0  stm32f1xx_hal_rcc.o ABSOLUTE
    ../Drivers/STM32F1xx_HAL_Driver/Src/stm32f1xx_hal_rcc_ex.c 0x00000000   Number         0  stm32f1xx_hal_rcc_ex.o ABSOLUTE
    ../Drivers/STM32F1xx_HAL_Driver/Src/stm32f1xx_hal_rtc.c 0x00000000   Number         0  stm32f1xx_hal_rtc.o ABSOLUTE
    ../Drivers/STM32F1xx_HAL_Driver/Src/stm32f1xx_hal_rtc_ex.c 0x00000000   Number         0  stm32f1xx_hal_rtc_ex.o ABSOLUTE
    ../Drivers/STM32F1xx_HAL_Driver/Src/stm32f1xx_hal_spi.c 0x00000000   Number         0  stm32f1xx_hal_spi.o ABSOLUTE
    ../Drivers/STM32F1xx_HAL_Driver/Src/stm32f1xx_hal_tim.c 0x00000000   Number         0  stm32f1xx_hal_tim.o ABSOLUTE
    ../Drivers/STM32F1xx_HAL_Driver/Src/stm32f1xx_hal_tim_ex.c 0x00000000   Number         0  stm32f1xx_hal_tim_ex.o ABSOLUTE
    ../Drivers/STM32F1xx_HAL_Driver/Src/stm32f1xx_hal_uart.c 0x00000000   Number         0  stm32f1xx_hal_uart.o ABSOLUTE
    ../Src/main.c                            0x00000000   Number         0  main.o ABSOLUTE
    ../Src/stm32f1xx_hal_msp.c               0x00000000   Number         0  stm32f1xx_hal_msp.o ABSOLUTE
    ../Src/stm32f1xx_it.c                    0x00000000   Number         0  stm32f1xx_it.o ABSOLUTE
    ../Src/system_stm32f1xx.c                0x00000000   Number         0  system_stm32f1xx.o ABSOLUTE
    ../clib/microlib/division.c              0x00000000   Number         0  uidiv.o ABSOLUTE
    ../clib/microlib/division.c              0x00000000   Number         0  uldiv.o ABSOLUTE
    ../clib/microlib/init/entry.s            0x00000000   Number         0  entry2.o ABSOLUTE
    ../clib/microlib/init/entry.s            0x00000000   Number         0  entry11b.o ABSOLUTE
    ../clib/microlib/init/entry.s            0x00000000   Number         0  entry5.o ABSOLUTE
    ../clib/microlib/init/entry.s            0x00000000   Number         0  entry9b.o ABSOLUTE
    ../clib/microlib/init/entry.s            0x00000000   Number         0  entry7a.o ABSOLUTE
    ../clib/microlib/init/entry.s            0x00000000   Number         0  entry7b.o ABSOLUTE
    ../clib/microlib/init/entry.s            0x00000000   Number         0  entry10b.o ABSOLUTE
    ../clib/microlib/init/entry.s            0x00000000   Number         0  entry8a.o ABSOLUTE
    ../clib/microlib/init/entry.s            0x00000000   Number         0  entry9a.o ABSOLUTE
    ../clib/microlib/init/entry.s            0x00000000   Number         0  entry8b.o ABSOLUTE
    ../clib/microlib/init/entry.s            0x00000000   Number         0  entry11a.o ABSOLUTE
    ../clib/microlib/init/entry.s            0x00000000   Number         0  entry.o ABSOLUTE
    ../clib/microlib/init/entry.s            0x00000000   Number         0  entry10a.o ABSOLUTE
    ../clib/microlib/longlong.c              0x00000000   Number         0  llushr.o ABSOLUTE
    ../clib/microlib/longlong.c              0x00000000   Number         0  llsshr.o ABSOLUTE
    ../clib/microlib/longlong.c              0x00000000   Number         0  llshl.o ABSOLUTE
    ../clib/microlib/printf/printf.c         0x00000000   Number         0  printfa.o ABSOLUTE
    ../clib/microlib/stdio/fputc.c           0x00000000   Number         0  fputc.o ABSOLUTE
    ../clib/microlib/stdio/semi.s            0x00000000   Number         0  semi.o ABSOLUTE
    ../clib/microlib/stdio/streams.c         0x00000000   Number         0  stdout.o ABSOLUTE
    ../clib/microlib/string/memcpy.c         0x00000000   Number         0  memcpya.o ABSOLUTE
    ../clib/microlib/string/memcpy.c         0x00000000   Number         0  memcpyb.o ABSOLUTE
    ../clib/microlib/string/memset.c         0x00000000   Number         0  memseta.o ABSOLUTE
    ../clib/microlib/string/strlen.c         0x00000000   Number         0  strlen.o ABSOLUTE
    ../clib/microlib/stubs.s                 0x00000000   Number         0  iusefp.o ABSOLUTE
    ../clib/microlib/stubs.s                 0x00000000   Number         0  iusesemip.o ABSOLUTE
    ../fplib/microlib/fpadd.c                0x00000000   Number         0  dadd.o ABSOLUTE
    ../fplib/microlib/fpdiv.c                0x00000000   Number         0  ddiv.o ABSOLUTE
    ../fplib/microlib/fpepilogue.c           0x00000000   Number         0  depilogue.o ABSOLUTE
    ../fplib/microlib/fpfix.c                0x00000000   Number         0  dfixul.o ABSOLUTE
    ../fplib/microlib/fpmul.c                0x00000000   Number         0  dmul.o ABSOLUTE
    ..\Drivers\STM32F1xx_HAL_Driver\Src\stm32f1xx_hal.c 0x00000000   Number         0  stm32f1xx_hal.o ABSOLUTE
    ..\Drivers\STM32F1xx_HAL_Driver\Src\stm32f1xx_hal_cortex.c 0x00000000   Number         0  stm32f1xx_hal_cortex.o ABSOLUTE
    ..\Drivers\STM32F1xx_HAL_Driver\Src\stm32f1xx_hal_dma.c 0x00000000   Number         0  stm32f1xx_hal_dma.o ABSOLUTE
    ..\Drivers\STM32F1xx_HAL_Driver\Src\stm32f1xx_hal_exti.c 0x00000000   Number         0  stm32f1xx_hal_exti.o ABSOLUTE
    ..\Drivers\STM32F1xx_HAL_Driver\Src\stm32f1xx_hal_flash.c 0x00000000   Number         0  stm32f1xx_hal_flash.o ABSOLUTE
    ..\Drivers\STM32F1xx_HAL_Driver\Src\stm32f1xx_hal_flash_ex.c 0x00000000   Number         0  stm32f1xx_hal_flash_ex.o ABSOLUTE
    ..\Drivers\STM32F1xx_HAL_Driver\Src\stm32f1xx_hal_gpio.c 0x00000000   Number         0  stm32f1xx_hal_gpio.o ABSOLUTE
    ..\Drivers\STM32F1xx_HAL_Driver\Src\stm32f1xx_hal_gpio_ex.c 0x00000000   Number         0  stm32f1xx_hal_gpio_ex.o ABSOLUTE
    ..\Drivers\STM32F1xx_HAL_Driver\Src\stm32f1xx_hal_i2c.c 0x00000000   Number         0  stm32f1xx_hal_i2c.o ABSOLUTE
    ..\Drivers\STM32F1xx_HAL_Driver\Src\stm32f1xx_hal_pwr.c 0x00000000   Number         0  stm32f1xx_hal_pwr.o ABSOLUTE
    ..\Drivers\STM32F1xx_HAL_Driver\Src\stm32f1xx_hal_rcc.c 0x00000000   Number         0  stm32f1xx_hal_rcc.o ABSOLUTE
    ..\Drivers\STM32F1xx_HAL_Driver\Src\stm32f1xx_hal_rcc_ex.c 0x00000000   Number         0  stm32f1xx_hal_rcc_ex.o ABSOLUTE
    ..\Drivers\STM32F1xx_HAL_Driver\Src\stm32f1xx_hal_rtc.c 0x00000000   Number         0  stm32f1xx_hal_rtc.o ABSOLUTE
    ..\Drivers\STM32F1xx_HAL_Driver\Src\stm32f1xx_hal_rtc_ex.c 0x00000000   Number         0  stm32f1xx_hal_rtc_ex.o ABSOLUTE
    ..\Drivers\STM32F1xx_HAL_Driver\Src\stm32f1xx_hal_spi.c 0x00000000   Number         0  stm32f1xx_hal_spi.o ABSOLUTE
    ..\Drivers\STM32F1xx_HAL_Driver\Src\stm32f1xx_hal_tim.c 0x00000000   Number         0  stm32f1xx_hal_tim.o ABSOLUTE
    ..\Drivers\STM32F1xx_HAL_Driver\Src\stm32f1xx_hal_tim_ex.c 0x00000000   Number         0  stm32f1xx_hal_tim_ex.o ABSOLUTE
    ..\Drivers\STM32F1xx_HAL_Driver\Src\stm32f1xx_hal_uart.c 0x00000000   Number         0  stm32f1xx_hal_uart.o ABSOLUTE
    ..\Src\array_8x8.c                       0x00000000   Number         0  array_8x8.o ABSOLUTE
    ..\Src\bool_mask.c                       0x00000000   Number         0  bool_mask.o ABSOLUTE
    ..\Src\cli.c                             0x00000000   Number         0  cli.o ABSOLUTE
    ..\Src\frame.c                           0x00000000   Number         0  frame.o ABSOLUTE
    ..\Src\lcd20x4_i2c.c                     0x00000000   Number         0  lcd20x4_i2c.o ABSOLUTE
    ..\Src\lyrframe.c                        0x00000000   Number         0  lyrframe.o ABSOLUTE
    ..\Src\main.c                            0x00000000   Number         0  main.o ABSOLUTE
    ..\Src\mpr121.c                          0x00000000   Number         0  mpr121.o ABSOLUTE
    ..\Src\stm32f1xx_hal_msp.c               0x00000000   Number         0  stm32f1xx_hal_msp.o ABSOLUTE
    ..\Src\stm32f1xx_it.c                    0x00000000   Number         0  stm32f1xx_it.o ABSOLUTE
    ..\Src\system_stm32f1xx.c                0x00000000   Number         0  system_stm32f1xx.o ABSOLUTE
    ..\Src\tlc5940.c                         0x00000000   Number         0  tlc5940.o ABSOLUTE
    ..\\Src\\lcd20x4_i2c.c                   0x00000000   Number         0  lcd20x4_i2c.o ABSOLUTE
    ..\\Src\\mpr121.c                        0x00000000   Number         0  mpr121.o ABSOLUTE
    ..\\Src\\tlc5940.c                       0x00000000   Number         0  tlc5940.o ABSOLUTE
    cdrcmple.s                               0x00000000   Number         0  cdrcmple.o ABSOLUTE
    dc.s                                     0x00000000   Number         0  dc.o ABSOLUTE
    handlers.s                               0x00000000   Number         0  handlers.o ABSOLUTE
    init.s                                   0x00000000   Number         0  init.o ABSOLUTE
    startup_stm32f103xb.s                    0x00000000   Number         0  startup_stm32f103xb.o ABSOLUTE
    RESET                                    0x08000000   Section      236  startup_stm32f103xb.o(RESET)
    .ARM.Collect$$$$00000000                 0x080000ec   Section        0  entry.o(.ARM.Collect$$$$00000000)
    .ARM.Collect$$$$00000001                 0x080000ec   Section        4  entry2.o(.ARM.Collect$$$$00000001)
    .ARM.Collect$$$$00000004                 0x080000f0   Section        4  entry5.o(.ARM.Collect$$$$00000004)
    .ARM.Collect$$$$00000008                 0x080000f4   Section        0  entry7b.o(.ARM.Collect$$$$00000008)
    .ARM.Collect$$$$0000000A                 0x080000f4   Section        0  entry8b.o(.ARM.Collect$$$$0000000A)
    .ARM.Collect$$$$0000000B                 0x080000f4   Section        8  entry9a.o(.ARM.Collect$$$$0000000B)
    .ARM.Collect$$$$0000000D                 0x080000fc   Section        0  entry10a.o(.ARM.Collect$$$$0000000D)
    .ARM.Collect$$$$0000000F                 0x080000fc   Section        0  entry11a.o(.ARM.Collect$$$$0000000F)
    .ARM.Collect$$$$00002712                 0x080000fc   Section        4  entry2.o(.ARM.Collect$$$$00002712)
    __lit__00000000                          0x080000fc   Data           4  entry2.o(.ARM.Collect$$$$00002712)
    .text                                    0x08000100   Section       36  startup_stm32f103xb.o(.text)
    .text                                    0x08000124   Section        0  llushr.o(.text)
    .text                                    0x08000144   Section        0  memcpya.o(.text)
    .text                                    0x08000168   Section        0  memseta.o(.text)
    .text                                    0x0800018c   Section        0  strlen.o(.text)
    .text                                    0x0800019a   Section        0  uidiv.o(.text)
    .text                                    0x080001c6   Section        0  uldiv.o(.text)
    .text                                    0x08000228   Section        0  dadd.o(.text)
    .text                                    0x08000228   Section        0  iusefp.o(.text)
    .text                                    0x08000376   Section        0  dmul.o(.text)
    .text                                    0x0800045a   Section        0  ddiv.o(.text)
    .text                                    0x08000538   Section        0  dfixul.o(.text)
    .text                                    0x08000568   Section       48  cdrcmple.o(.text)
    .text                                    0x08000598   Section       36  init.o(.text)
    .text                                    0x080005bc   Section        0  llshl.o(.text)
    .text                                    0x080005da   Section        0  llsshr.o(.text)
    .text                                    0x080005fe   Section        0  depilogue.o(.text)
    i.BusFault_Handler                       0x080006b8   Section        0  stm32f1xx_it.o(i.BusFault_Handler)
    i.DebugMon_Handler                       0x080006bc   Section        0  stm32f1xx_it.o(i.DebugMon_Handler)
    i.EXTI4_IRQHandler                       0x080006be   Section        0  stm32f1xx_it.o(i.EXTI4_IRQHandler)
    i.EXTI9_5_IRQHandler                     0x080006c8   Section        0  stm32f1xx_it.o(i.EXTI9_5_IRQHandler)
    i.Error_Handler                          0x080006d2   Section        0  main.o(i.Error_Handler)
    i.HAL_Delay                              0x080006d4   Section        0  stm32f1xx_hal.o(i.HAL_Delay)
    i.HAL_GPIO_EXTI_Callback                 0x080006fc   Section        0  main.o(i.HAL_GPIO_EXTI_Callback)
    i.HAL_GPIO_EXTI_IRQHandler               0x08000700   Section        0  stm32f1xx_hal_gpio.o(i.HAL_GPIO_EXTI_IRQHandler)
    i.HAL_GPIO_Init                          0x0800071c   Section        0  stm32f1xx_hal_gpio.o(i.HAL_GPIO_Init)
    i.HAL_GPIO_TogglePin                     0x08000a3c   Section        0  stm32f1xx_hal_gpio.o(i.HAL_GPIO_TogglePin)
    i.HAL_GPIO_WritePin                      0x08000a4a   Section        0  stm32f1xx_hal_gpio.o(i.HAL_GPIO_WritePin)
    i.HAL_GetTick                            0x08000a58   Section        0  stm32f1xx_hal.o(i.HAL_GetTick)
    i.HAL_I2C_Init                           0x08000a64   Section        0  stm32f1xx_hal_i2c.o(i.HAL_I2C_Init)
    i.HAL_I2C_IsDeviceReady                  0x08000c1c   Section        0  stm32f1xx_hal_i2c.o(i.HAL_I2C_IsDeviceReady)
    i.HAL_I2C_Master_Transmit                0x08000dc0   Section        0  stm32f1xx_hal_i2c.o(i.HAL_I2C_Master_Transmit)
    i.HAL_I2C_MspInit                        0x08000f30   Section        0  stm32f1xx_hal_msp.o(i.HAL_I2C_MspInit)
    i.HAL_IncTick                            0x08000fa4   Section        0  stm32f1xx_hal.o(i.HAL_IncTick)
    i.HAL_Init                               0x08000fbc   Section        0  stm32f1xx_hal.o(i.HAL_Init)
    i.HAL_InitTick                           0x08000fe4   Section        0  stm32f1xx_hal.o(i.HAL_InitTick)
    i.HAL_MspInit                            0x08001030   Section        0  stm32f1xx_hal_msp.o(i.HAL_MspInit)
    i.HAL_NVIC_EnableIRQ                     0x08001084   Section        0  stm32f1xx_hal_cortex.o(i.HAL_NVIC_EnableIRQ)
    i.HAL_NVIC_SetPriority                   0x080010a4   Section        0  stm32f1xx_hal_cortex.o(i.HAL_NVIC_SetPriority)
    i.HAL_NVIC_SetPriorityGrouping           0x08001120   Section        0  stm32f1xx_hal_cortex.o(i.HAL_NVIC_SetPriorityGrouping)
    i.HAL_PWR_EnableBkUpAccess               0x08001148   Section        0  stm32f1xx_hal_pwr.o(i.HAL_PWR_EnableBkUpAccess)
    i.HAL_RCCEx_GetPeriphCLKFreq             0x08001154   Section        0  stm32f1xx_hal_rcc_ex.o(i.HAL_RCCEx_GetPeriphCLKFreq)
    i.HAL_RCCEx_PeriphCLKConfig              0x08001268   Section        0  stm32f1xx_hal_rcc_ex.o(i.HAL_RCCEx_PeriphCLKConfig)
    i.HAL_RCC_ClockConfig                    0x08001398   Section        0  stm32f1xx_hal_rcc.o(i.HAL_RCC_ClockConfig)
    i.HAL_RCC_GetHCLKFreq                    0x08001524   Section        0  stm32f1xx_hal_rcc.o(i.HAL_RCC_GetHCLKFreq)
    i.HAL_RCC_GetPCLK1Freq                   0x08001530   Section        0  stm32f1xx_hal_rcc.o(i.HAL_RCC_GetPCLK1Freq)
    i.HAL_RCC_GetPCLK2Freq                   0x08001550   Section        0  stm32f1xx_hal_rcc.o(i.HAL_RCC_GetPCLK2Freq)
    i.HAL_RCC_GetSysClockFreq                0x08001570   Section        0  stm32f1xx_hal_rcc.o(i.HAL_RCC_GetSysClockFreq)
    i.HAL_RCC_OscConfig                      0x08001604   Section        0  stm32f1xx_hal_rcc.o(i.HAL_RCC_OscConfig)
    i.HAL_RTC_Init                           0x08001a68   Section        0  stm32f1xx_hal_rtc.o(i.HAL_RTC_Init)
    i.HAL_RTC_MspInit                        0x08001b38   Section        0  stm32f1xx_hal_msp.o(i.HAL_RTC_MspInit)
    i.HAL_RTC_WaitForSynchro                 0x08001b78   Section        0  stm32f1xx_hal_rtc.o(i.HAL_RTC_WaitForSynchro)
    i.HAL_SPI_Init                           0x08001bb8   Section        0  stm32f1xx_hal_spi.o(i.HAL_SPI_Init)
    i.HAL_SPI_MspInit                        0x08001c40   Section        0  stm32f1xx_hal_msp.o(i.HAL_SPI_MspInit)
    i.HAL_SPI_Transmit                       0x08001cc4   Section        0  stm32f1xx_hal_spi.o(i.HAL_SPI_Transmit)
    i.HAL_SYSTICK_Config                     0x08001e66   Section        0  stm32f1xx_hal_cortex.o(i.HAL_SYSTICK_Config)
    i.HAL_TIMEx_BreakCallback                0x08001e9a   Section        0  stm32f1xx_hal_tim_ex.o(i.HAL_TIMEx_BreakCallback)
    i.HAL_TIMEx_CommutCallback               0x08001e9c   Section        0  stm32f1xx_hal_tim_ex.o(i.HAL_TIMEx_CommutCallback)
    i.HAL_TIMEx_ConfigBreakDeadTime          0x08001e9e   Section        0  stm32f1xx_hal_tim_ex.o(i.HAL_TIMEx_ConfigBreakDeadTime)
    i.HAL_TIMEx_MasterConfigSynchronization  0x08001f12   Section        0  stm32f1xx_hal_tim_ex.o(i.HAL_TIMEx_MasterConfigSynchronization)
    i.HAL_TIM_IC_CaptureCallback             0x08001f66   Section        0  stm32f1xx_hal_tim.o(i.HAL_TIM_IC_CaptureCallback)
    i.HAL_TIM_IRQHandler                     0x08001f68   Section        0  stm32f1xx_hal_tim.o(i.HAL_TIM_IRQHandler)
    i.HAL_TIM_MspPostInit                    0x08002100   Section        0  stm32f1xx_hal_msp.o(i.HAL_TIM_MspPostInit)
    i.HAL_TIM_OC_ConfigChannel               0x0800218c   Section        0  stm32f1xx_hal_tim.o(i.HAL_TIM_OC_ConfigChannel)
    i.HAL_TIM_OC_DelayElapsedCallback        0x08002200   Section        0  stm32f1xx_hal_tim.o(i.HAL_TIM_OC_DelayElapsedCallback)
    i.HAL_TIM_OC_Init                        0x08002202   Section        0  stm32f1xx_hal_tim.o(i.HAL_TIM_OC_Init)
    i.HAL_TIM_OC_MspInit                     0x08002238   Section        0  stm32f1xx_hal_msp.o(i.HAL_TIM_OC_MspInit)
    i.HAL_TIM_PWM_ConfigChannel              0x08002264   Section        0  stm32f1xx_hal_tim.o(i.HAL_TIM_PWM_ConfigChannel)
    i.HAL_TIM_PWM_Init                       0x0800236c   Section        0  stm32f1xx_hal_tim.o(i.HAL_TIM_PWM_Init)
    i.HAL_TIM_PWM_MspInit                    0x080023a0   Section        0  stm32f1xx_hal_msp.o(i.HAL_TIM_PWM_MspInit)
    i.HAL_TIM_PWM_PulseFinishedCallback      0x080023e4   Section        0  stm32f1xx_hal_tim.o(i.HAL_TIM_PWM_PulseFinishedCallback)
    i.HAL_TIM_PeriodElapsedCallback          0x080023e8   Section        0  main.o(i.HAL_TIM_PeriodElapsedCallback)
    i.HAL_TIM_TriggerCallback                0x080024bc   Section        0  stm32f1xx_hal_tim.o(i.HAL_TIM_TriggerCallback)
    i.HAL_UART_Init                          0x080024be   Section        0  stm32f1xx_hal_uart.o(i.HAL_UART_Init)
    i.HAL_UART_MspInit                       0x08002530   Section        0  stm32f1xx_hal_msp.o(i.HAL_UART_MspInit)
    i.HAL_UART_Receive_IT                    0x080025b8   Section        0  stm32f1xx_hal_uart.o(i.HAL_UART_Receive_IT)
    i.HAL_UART_Transmit                      0x08002628   Section        0  stm32f1xx_hal_uart.o(i.HAL_UART_Transmit)
    i.HardFault_Handler                      0x080026fe   Section        0  stm32f1xx_it.o(i.HardFault_Handler)
    i.I2C_IsAcknowledgeFailed                0x08002702   Section        0  stm32f1xx_hal_i2c.o(i.I2C_IsAcknowledgeFailed)
    I2C_IsAcknowledgeFailed                  0x08002703   Thumb Code    62  stm32f1xx_hal_i2c.o(i.I2C_IsAcknowledgeFailed)
    i.I2C_MasterRequestWrite                 0x08002740   Section        0  stm32f1xx_hal_i2c.o(i.I2C_MasterRequestWrite)
    I2C_MasterRequestWrite                   0x08002741   Thumb Code   166  stm32f1xx_hal_i2c.o(i.I2C_MasterRequestWrite)
    i.I2C_WaitOnBTFFlagUntilTimeout          0x080027ec   Section        0  stm32f1xx_hal_i2c.o(i.I2C_WaitOnBTFFlagUntilTimeout)
    I2C_WaitOnBTFFlagUntilTimeout            0x080027ed   Thumb Code    92  stm32f1xx_hal_i2c.o(i.I2C_WaitOnBTFFlagUntilTimeout)
    i.I2C_WaitOnFlagUntilTimeout             0x08002848   Section        0  stm32f1xx_hal_i2c.o(i.I2C_WaitOnFlagUntilTimeout)
    I2C_WaitOnFlagUntilTimeout               0x08002849   Thumb Code   134  stm32f1xx_hal_i2c.o(i.I2C_WaitOnFlagUntilTimeout)
    i.I2C_WaitOnMasterAddressFlagUntilTimeout 0x080028ce   Section        0  stm32f1xx_hal_i2c.o(i.I2C_WaitOnMasterAddressFlagUntilTimeout)
    I2C_WaitOnMasterAddressFlagUntilTimeout  0x080028cf   Thumb Code   196  stm32f1xx_hal_i2c.o(i.I2C_WaitOnMasterAddressFlagUntilTimeout)
    i.I2C_WaitOnTXEFlagUntilTimeout          0x08002992   Section        0  stm32f1xx_hal_i2c.o(i.I2C_WaitOnTXEFlagUntilTimeout)
    I2C_WaitOnTXEFlagUntilTimeout            0x08002993   Thumb Code    92  stm32f1xx_hal_i2c.o(i.I2C_WaitOnTXEFlagUntilTimeout)
    i.MX_GPIO_Init                           0x080029f0   Section        0  main.o(i.MX_GPIO_Init)
    MX_GPIO_Init                             0x080029f1   Thumb Code   246  main.o(i.MX_GPIO_Init)
    i.MX_I2C1_Init                           0x08002af8   Section        0  main.o(i.MX_I2C1_Init)
    MX_I2C1_Init                             0x08002af9   Thumb Code    48  main.o(i.MX_I2C1_Init)
    i.MX_RTC_Init                            0x08002b34   Section        0  main.o(i.MX_RTC_Init)
    MX_RTC_Init                              0x08002b35   Thumb Code    34  main.o(i.MX_RTC_Init)
    i.MX_SPI1_Init                           0x08002b60   Section        0  main.o(i.MX_SPI1_Init)
    MX_SPI1_Init                             0x08002b61   Thumb Code    58  main.o(i.MX_SPI1_Init)
    i.MX_TIM1_Init                           0x08002ba4   Section        0  main.o(i.MX_TIM1_Init)
    MX_TIM1_Init                             0x08002ba5   Thumb Code   166  main.o(i.MX_TIM1_Init)
    i.MX_TIM2_Init                           0x08002c54   Section        0  main.o(i.MX_TIM2_Init)
    MX_TIM2_Init                             0x08002c55   Thumb Code   116  main.o(i.MX_TIM2_Init)
    i.MX_USART1_UART_Init                    0x08002ccc   Section        0  main.o(i.MX_USART1_UART_Init)
    MX_USART1_UART_Init                      0x08002ccd   Thumb Code    46  main.o(i.MX_USART1_UART_Init)
    i.MemManage_Handler                      0x08002d04   Section        0  stm32f1xx_it.o(i.MemManage_Handler)
    i.NMI_Handler                            0x08002d08   Section        0  stm32f1xx_it.o(i.NMI_Handler)
    i.PendSV_Handler                         0x08002d0a   Section        0  stm32f1xx_it.o(i.PendSV_Handler)
    i.RCC_Delay                              0x08002d0c   Section        0  stm32f1xx_hal_rcc.o(i.RCC_Delay)
    RCC_Delay                                0x08002d0d   Thumb Code    36  stm32f1xx_hal_rcc.o(i.RCC_Delay)
    i.RTC_EnterInitMode                      0x08002d34   Section        0  stm32f1xx_hal_rtc.o(i.RTC_EnterInitMode)
    RTC_EnterInitMode                        0x08002d35   Thumb Code    58  stm32f1xx_hal_rtc.o(i.RTC_EnterInitMode)
    i.RTC_ExitInitMode                       0x08002d6e   Section        0  stm32f1xx_hal_rtc.o(i.RTC_ExitInitMode)
    RTC_ExitInitMode                         0x08002d6f   Thumb Code    58  stm32f1xx_hal_rtc.o(i.RTC_ExitInitMode)
    i.SPI_EndRxTxTransaction                 0x08002da8   Section        0  stm32f1xx_hal_spi.o(i.SPI_EndRxTxTransaction)
    SPI_EndRxTxTransaction                   0x08002da9   Thumb Code    40  stm32f1xx_hal_spi.o(i.SPI_EndRxTxTransaction)
    i.SPI_WaitFlagStateUntilTimeout          0x08002dd0   Section        0  stm32f1xx_hal_spi.o(i.SPI_WaitFlagStateUntilTimeout)
    SPI_WaitFlagStateUntilTimeout            0x08002dd1   Thumb Code   168  stm32f1xx_hal_spi.o(i.SPI_WaitFlagStateUntilTimeout)
    i.SVC_Handler                            0x08002e78   Section        0  stm32f1xx_it.o(i.SVC_Handler)
    i.SysTick_Handler                        0x08002e7a   Section        0  stm32f1xx_it.o(i.SysTick_Handler)
    i.SystemClock_Config                     0x08002e82   Section        0  main.o(i.SystemClock_Config)
    i.SystemInit                             0x08002ef4   Section        0  system_stm32f1xx.o(i.SystemInit)
    i.TIM1_UP_IRQHandler                     0x08002f4c   Section        0  stm32f1xx_it.o(i.TIM1_UP_IRQHandler)
    i.TIM_Base_SetConfig                     0x08002f5c   Section        0  stm32f1xx_hal_tim.o(i.TIM_Base_SetConfig)
    i.TIM_OC1_SetConfig                      0x08002fd0   Section        0  stm32f1xx_hal_tim.o(i.TIM_OC1_SetConfig)
    TIM_OC1_SetConfig                        0x08002fd1   Thumb Code    90  stm32f1xx_hal_tim.o(i.TIM_OC1_SetConfig)
    i.TIM_OC2_SetConfig                      0x08003030   Section        0  stm32f1xx_hal_tim.o(i.TIM_OC2_SetConfig)
    i.TIM_OC3_SetConfig                      0x08003098   Section        0  stm32f1xx_hal_tim.o(i.TIM_OC3_SetConfig)
    TIM_OC3_SetConfig                        0x08003099   Thumb Code    98  stm32f1xx_hal_tim.o(i.TIM_OC3_SetConfig)
    i.TIM_OC4_SetConfig                      0x08003100   Section        0  stm32f1xx_hal_tim.o(i.TIM_OC4_SetConfig)
    TIM_OC4_SetConfig                        0x08003101   Thumb Code    68  stm32f1xx_hal_tim.o(i.TIM_OC4_SetConfig)
    i.UART_SetConfig                         0x08003148   Section        0  stm32f1xx_hal_uart.o(i.UART_SetConfig)
    UART_SetConfig                           0x08003149   Thumb Code   412  stm32f1xx_hal_uart.o(i.UART_SetConfig)
    i.UART_WaitOnFlagUntilTimeout            0x080032e8   Section        0  stm32f1xx_hal_uart.o(i.UART_WaitOnFlagUntilTimeout)
    UART_WaitOnFlagUntilTimeout              0x080032e9   Thumb Code   108  stm32f1xx_hal_uart.o(i.UART_WaitOnFlagUntilTimeout)
    i.UsageFault_Handler                     0x08003354   Section        0  stm32f1xx_it.o(i.UsageFault_Handler)
    i.__0vsprintf                            0x08003358   Section        0  printfa.o(i.__0vsprintf)
    i.__NVIC_GetPriorityGrouping             0x0800337c   Section        0  stm32f1xx_hal_cortex.o(i.__NVIC_GetPriorityGrouping)
    __NVIC_GetPriorityGrouping               0x0800337d   Thumb Code    10  stm32f1xx_hal_cortex.o(i.__NVIC_GetPriorityGrouping)
    i.__NVIC_SetPriority                     0x0800338c   Section        0  stm32f1xx_hal_cortex.o(i.__NVIC_SetPriority)
    __NVIC_SetPriority                       0x0800338d   Thumb Code    32  stm32f1xx_hal_cortex.o(i.__NVIC_SetPriority)
    i.__scatterload_copy                     0x080033b4   Section       14  handlers.o(i.__scatterload_copy)
    i.__scatterload_null                     0x080033c2   Section        2  handlers.o(i.__scatterload_null)
    i.__scatterload_zeroinit                 0x080033c4   Section       14  handlers.o(i.__scatterload_zeroinit)
    i._fp_digits                             0x080033d4   Section        0  printfa.o(i._fp_digits)
    _fp_digits                               0x080033d5   Thumb Code   366  printfa.o(i._fp_digits)
    i._printf_core                           0x08003558   Section        0  printfa.o(i._printf_core)
    _printf_core                             0x08003559   Thumb Code  1744  printfa.o(i._printf_core)
    i._printf_post_padding                   0x08003c34   Section        0  printfa.o(i._printf_post_padding)
    _printf_post_padding                     0x08003c35   Thumb Code    36  printfa.o(i._printf_post_padding)
    i._printf_pre_padding                    0x08003c58   Section        0  printfa.o(i._printf_pre_padding)
    _printf_pre_padding                      0x08003c59   Thumb Code    46  printfa.o(i._printf_pre_padding)
    i._sputc                                 0x08003c86   Section        0  printfa.o(i._sputc)
    _sputc                                   0x08003c87   Thumb Code    10  printfa.o(i._sputc)
    i.bool_mask_decode                       0x08003c90   Section        0  bool_mask.o(i.bool_mask_decode)
    i.cli_color_definition                   0x08003cd6   Section        0  cli.o(i.cli_color_definition)
    i.cli_data_cleanse                       0x08003cd8   Section        0  cli.o(i.cli_data_cleanse)
    i.cli_formulate_response                 0x08003d44   Section        0  cli.o(i.cli_formulate_response)
    i.cli_interpret_data                     0x08003d98   Section        0  cli.o(i.cli_interpret_data)
    i.cli_parse_data                         0x08003ff8   Section        0  cli.o(i.cli_parse_data)
    i.cli_rgb2color                          0x080040d4   Section        0  cli.o(i.cli_rgb2color)
    i.cli_str2int                            0x0800410c   Section        0  cli.o(i.cli_str2int)
    i.cli_strcmp                             0x08004132   Section        0  cli.o(i.cli_strcmp)
    i.cli_strcpy                             0x0800416a   Section        0  cli.o(i.cli_strcpy)
    i.current_lyr_on                         0x08004184   Section        0  main.o(i.current_lyr_on)
    i.frame_set_mask_color                   0x08004204   Section        0  frame.o(i.frame_set_mask_color)
    i.frame_set_single_led_color             0x08004336   Section        0  frame.o(i.frame_set_single_led_color)
    i.lcd20x4_i2c_1stLine                    0x0800445a   Section        0  lcd20x4_i2c.o(i.lcd20x4_i2c_1stLine)
    i.lcd20x4_i2c_clear                      0x08004466   Section        0  lcd20x4_i2c.o(i.lcd20x4_i2c_clear)
    i.lcd20x4_i2c_init                       0x08004478   Section        0  lcd20x4_i2c.o(i.lcd20x4_i2c_init)
    i.lcd20x4_i2c_printf                     0x08004538   Section        0  lcd20x4_i2c.o(i.lcd20x4_i2c_printf)
    i.lcd20x4_i2c_sendCommand                0x08004578   Section        0  lcd20x4_i2c.o(i.lcd20x4_i2c_sendCommand)
    lcd20x4_i2c_sendCommand                  0x08004579   Thumb Code    68  lcd20x4_i2c.o(i.lcd20x4_i2c_sendCommand)
    i.lcd20x4_i2c_sendData                   0x080045c4   Section        0  lcd20x4_i2c.o(i.lcd20x4_i2c_sendData)
    lcd20x4_i2c_sendData                     0x080045c5   Thumb Code    68  lcd20x4_i2c.o(i.lcd20x4_i2c_sendData)
    i.lcd20x4_i2c_setCursor                  0x08004610   Section        0  lcd20x4_i2c.o(i.lcd20x4_i2c_setCursor)
    i.lyr_frame_set_mask_color               0x08004652   Section        0  lyrframe.o(i.lyr_frame_set_mask_color)
    i.lyr_frame_set_single_led_color         0x0800468e   Section        0  lyrframe.o(i.lyr_frame_set_single_led_color)
    i.main                                   0x080046bc   Section        0  main.o(i.main)
    i.previous_lyr_off                       0x08004810   Section        0  main.o(i.previous_lyr_off)
    i.tlc_clear                              0x08004884   Section        0  tlc5940.o(i.tlc_clear)
    i.tlc_spi_convert                        0x0800489a   Section        0  tlc5940.o(i.tlc_spi_convert)
    .constdata                               0x080048fc   Section       24  system_stm32f1xx.o(.constdata)
    .data                                    0x20000000   Section      224  main.o(.data)
    lcd20x4_i2cHandle                        0x20000000   Data           4  main.o(.data)
    LCD_I2C_SLAVE_ADDRESS                    0x20000004   Data           1  main.o(.data)
    mpr121_i2cHandle                         0x20000008   Data           4  main.o(.data)
    .data                                    0x200000e0   Section        5  lcd20x4_i2c.o(.data)
    lcd20x4_i2cHandle                        0x200000e0   Data           4  lcd20x4_i2c.o(.data)
    LCD_I2C_SLAVE_ADDRESS                    0x200000e4   Data           1  lcd20x4_i2c.o(.data)
    .data                                    0x200000e8   Section        9  stm32f1xx_hal.o(.data)
    .data                                    0x200000f4   Section        4  system_stm32f1xx.o(.data)
    .bss                                     0x200000f8   Section     4611  main.o(.bss)
    STACK                                    0x20001300   Section     8192  startup_stm32f103xb.o(STACK)

    Global Symbols

    Symbol Name                              Value     Ov Type        Size  Object(Section)

    BuildAttributes$$THM_ISAv4$P$D$K$B$S$PE$A:L22UL41UL21$X:L11$S22US41US21$IEEE1$IW$USESV6$~STKCKD$USESV7$~SHL$OSPACE$ROPI$EBA8$MICROLIB$REQ8$PRES8$EABIv2 0x00000000   Number         0  anon$$obj.o ABSOLUTE
    __ARM_use_no_argv                        0x00000000   Number         0  main.o ABSOLUTE
    __cpp_initialize__aeabi_                  - Undefined Weak Reference
    __cxa_finalize                            - Undefined Weak Reference
    __decompress                              - Undefined Weak Reference
    _clock_init                               - Undefined Weak Reference
    _microlib_exit                            - Undefined Weak Reference
    __Vectors_Size                           0x000000ec   Number         0  startup_stm32f103xb.o ABSOLUTE
    __Vectors                                0x08000000   Data           4  startup_stm32f103xb.o(RESET)
    __Vectors_End                            0x080000ec   Data           0  startup_stm32f103xb.o(RESET)
    __main                                   0x080000ed   Thumb Code     0  entry.o(.ARM.Collect$$$$00000000)
    _main_stk                                0x080000ed   Thumb Code     0  entry2.o(.ARM.Collect$$$$00000001)
    _main_scatterload                        0x080000f1   Thumb Code     0  entry5.o(.ARM.Collect$$$$00000004)
    __main_after_scatterload                 0x080000f5   Thumb Code     0  entry5.o(.ARM.Collect$$$$00000004)
    _main_clock                              0x080000f5   Thumb Code     0  entry7b.o(.ARM.Collect$$$$00000008)
    _main_cpp_init                           0x080000f5   Thumb Code     0  entry8b.o(.ARM.Collect$$$$0000000A)
    _main_init                               0x080000f5   Thumb Code     0  entry9a.o(.ARM.Collect$$$$0000000B)
    __rt_final_cpp                           0x080000fd   Thumb Code     0  entry10a.o(.ARM.Collect$$$$0000000D)
    __rt_final_exit                          0x080000fd   Thumb Code     0  entry11a.o(.ARM.Collect$$$$0000000F)
    Reset_Handler                            0x08000101   Thumb Code     8  startup_stm32f103xb.o(.text)
    ADC1_2_IRQHandler                        0x0800011b   Thumb Code     0  startup_stm32f103xb.o(.text)
    CAN1_RX1_IRQHandler                      0x0800011b   Thumb Code     0  startup_stm32f103xb.o(.text)
    CAN1_SCE_IRQHandler                      0x0800011b   Thumb Code     0  startup_stm32f103xb.o(.text)
    DMA1_Channel1_IRQHandler                 0x0800011b   Thumb Code     0  startup_stm32f103xb.o(.text)
    DMA1_Channel2_IRQHandler                 0x0800011b   Thumb Code     0  startup_stm32f103xb.o(.text)
    DMA1_Channel3_IRQHandler                 0x0800011b   Thumb Code     0  startup_stm32f103xb.o(.text)
    DMA1_Channel4_IRQHandler                 0x0800011b   Thumb Code     0  startup_stm32f103xb.o(.text)
    DMA1_Channel5_IRQHandler                 0x0800011b   Thumb Code     0  startup_stm32f103xb.o(.text)
    DMA1_Channel6_IRQHandler                 0x0800011b   Thumb Code     0  startup_stm32f103xb.o(.text)
    DMA1_Channel7_IRQHandler                 0x0800011b   Thumb Code     0  startup_stm32f103xb.o(.text)
    EXTI0_IRQHandler                         0x0800011b   Thumb Code     0  startup_stm32f103xb.o(.text)
    EXTI15_10_IRQHandler                     0x0800011b   Thumb Code     0  startup_stm32f103xb.o(.text)
    EXTI1_IRQHandler                         0x0800011b   Thumb Code     0  startup_stm32f103xb.o(.text)
    EXTI2_IRQHandler                         0x0800011b   Thumb Code     0  startup_stm32f103xb.o(.text)
    EXTI3_IRQHandler                         0x0800011b   Thumb Code     0  startup_stm32f103xb.o(.text)
    FLASH_IRQHandler                         0x0800011b   Thumb Code     0  startup_stm32f103xb.o(.text)
    I2C1_ER_IRQHandler                       0x0800011b   Thumb Code     0  startup_stm32f103xb.o(.text)
    I2C1_EV_IRQHandler                       0x0800011b   Thumb Code     0  startup_stm32f103xb.o(.text)
    I2C2_ER_IRQHandler                       0x0800011b   Thumb Code     0  startup_stm32f103xb.o(.text)
    I2C2_EV_IRQHandler                       0x0800011b   Thumb Code     0  startup_stm32f103xb.o(.text)
    PVD_IRQHandler                           0x0800011b   Thumb Code     0  startup_stm32f103xb.o(.text)
    RCC_IRQHandler                           0x0800011b   Thumb Code     0  startup_stm32f103xb.o(.text)
    RTC_Alarm_IRQHandler                     0x0800011b   Thumb Code     0  startup_stm32f103xb.o(.text)
    RTC_IRQHandler                           0x0800011b   Thumb Code     0  startup_stm32f103xb.o(.text)
    SPI1_IRQHandler                          0x0800011b   Thumb Code     0  startup_stm32f103xb.o(.text)
    SPI2_IRQHandler                          0x0800011b   Thumb Code     0  startup_stm32f103xb.o(.text)
    TAMPER_IRQHandler                        0x0800011b   Thumb Code     0  startup_stm32f103xb.o(.text)
    TIM1_BRK_IRQHandler                      0x0800011b   Thumb Code     0  startup_stm32f103xb.o(.text)
    TIM1_CC_IRQHandler                       0x0800011b   Thumb Code     0  startup_stm32f103xb.o(.text)
    TIM1_TRG_COM_IRQHandler                  0x0800011b   Thumb Code     0  startup_stm32f103xb.o(.text)
    TIM2_IRQHandler                          0x0800011b   Thumb Code     0  startup_stm32f103xb.o(.text)
    TIM3_IRQHandler                          0x0800011b   Thumb Code     0  startup_stm32f103xb.o(.text)
    TIM4_IRQHandler                          0x0800011b   Thumb Code     0  startup_stm32f103xb.o(.text)
    USART1_IRQHandler                        0x0800011b   Thumb Code     0  startup_stm32f103xb.o(.text)
    USART2_IRQHandler                        0x0800011b   Thumb Code     0  startup_stm32f103xb.o(.text)
    USART3_IRQHandler                        0x0800011b   Thumb Code     0  startup_stm32f103xb.o(.text)
    USBWakeUp_IRQHandler                     0x0800011b   Thumb Code     0  startup_stm32f103xb.o(.text)
    USB_HP_CAN1_TX_IRQHandler                0x0800011b   Thumb Code     0  startup_stm32f103xb.o(.text)
    USB_LP_CAN1_RX0_IRQHandler               0x0800011b   Thumb Code     0  startup_stm32f103xb.o(.text)
    WWDG_IRQHandler                          0x0800011b   Thumb Code     0  startup_stm32f103xb.o(.text)
    __aeabi_llsr                             0x08000125   Thumb Code    32  llushr.o(.text)
    _ll_ushift_r                             0x08000125   Thumb Code     0  llushr.o(.text)
    __aeabi_memcpy                           0x08000145   Thumb Code    36  memcpya.o(.text)
    __aeabi_memcpy4                          0x08000145   Thumb Code     0  memcpya.o(.text)
    __aeabi_memcpy8                          0x08000145   Thumb Code     0  memcpya.o(.text)
    __aeabi_memset                           0x08000169   Thumb Code    14  memseta.o(.text)
    __aeabi_memset4                          0x08000169   Thumb Code     0  memseta.o(.text)
    __aeabi_memset8                          0x08000169   Thumb Code     0  memseta.o(.text)
    __aeabi_memclr                           0x08000177   Thumb Code     4  memseta.o(.text)
    __aeabi_memclr4                          0x08000177   Thumb Code     0  memseta.o(.text)
    __aeabi_memclr8                          0x08000177   Thumb Code     0  memseta.o(.text)
    _memset$wrapper                          0x0800017b   Thumb Code    18  memseta.o(.text)
    strlen                                   0x0800018d   Thumb Code    14  strlen.o(.text)
    __aeabi_uidiv                            0x0800019b   Thumb Code     0  uidiv.o(.text)
    __aeabi_uidivmod                         0x0800019b   Thumb Code    44  uidiv.o(.text)
    __aeabi_uldivmod                         0x080001c7   Thumb Code    98  uldiv.o(.text)
    __I$use$fp                               0x08000229   Thumb Code     0  iusefp.o(.text)
    __aeabi_dadd                             0x08000229   Thumb Code   322  dadd.o(.text)
    __aeabi_dsub                             0x0800036b   Thumb Code     6  dadd.o(.text)
    __aeabi_drsub                            0x08000371   Thumb Code     6  dadd.o(.text)
    __aeabi_dmul                             0x08000377   Thumb Code   228  dmul.o(.text)
    __aeabi_ddiv                             0x0800045b   Thumb Code   222  ddiv.o(.text)
    __aeabi_d2ulz                            0x08000539   Thumb Code    48  dfixul.o(.text)
    __aeabi_cdrcmple                         0x08000569   Thumb Code    48  cdrcmple.o(.text)
    __scatterload                            0x08000599   Thumb Code    28  init.o(.text)
    __scatterload_rt2                        0x08000599   Thumb Code     0  init.o(.text)
    __aeabi_llsl                             0x080005bd   Thumb Code    30  llshl.o(.text)
    _ll_shift_l                              0x080005bd   Thumb Code     0  llshl.o(.text)
    __aeabi_lasr                             0x080005db   Thumb Code    36  llsshr.o(.text)
    _ll_sshift_r                             0x080005db   Thumb Code     0  llsshr.o(.text)
    _double_round                            0x080005ff   Thumb Code    30  depilogue.o(.text)
    _double_epilogue                         0x0800061d   Thumb Code   156  depilogue.o(.text)
    BusFault_Handler                         0x080006b9   Thumb Code     4  stm32f1xx_it.o(i.BusFault_Handler)
    DebugMon_Handler                         0x080006bd   Thumb Code     2  stm32f1xx_it.o(i.DebugMon_Handler)
    EXTI4_IRQHandler                         0x080006bf   Thumb Code    10  stm32f1xx_it.o(i.EXTI4_IRQHandler)
    EXTI9_5_IRQHandler                       0x080006c9   Thumb Code    10  stm32f1xx_it.o(i.EXTI9_5_IRQHandler)
    Error_Handler                            0x080006d3   Thumb Code     2  main.o(i.Error_Handler)
    HAL_Delay                                0x080006d5   Thumb Code    36  stm32f1xx_hal.o(i.HAL_Delay)
    HAL_GPIO_EXTI_Callback                   0x080006fd   Thumb Code     2  main.o(i.HAL_GPIO_EXTI_Callback)
    HAL_GPIO_EXTI_IRQHandler                 0x08000701   Thumb Code    24  stm32f1xx_hal_gpio.o(i.HAL_GPIO_EXTI_IRQHandler)
    HAL_GPIO_Init                            0x0800071d   Thumb Code   766  stm32f1xx_hal_gpio.o(i.HAL_GPIO_Init)
    HAL_GPIO_TogglePin                       0x08000a3d   Thumb Code    14  stm32f1xx_hal_gpio.o(i.HAL_GPIO_TogglePin)
    HAL_GPIO_WritePin                        0x08000a4b   Thumb Code    12  stm32f1xx_hal_gpio.o(i.HAL_GPIO_WritePin)
    HAL_GetTick                              0x08000a59   Thumb Code     6  stm32f1xx_hal.o(i.HAL_GetTick)
    HAL_I2C_Init                             0x08000a65   Thumb Code   422  stm32f1xx_hal_i2c.o(i.HAL_I2C_Init)
    HAL_I2C_IsDeviceReady                    0x08000c1d   Thumb Code   410  stm32f1xx_hal_i2c.o(i.HAL_I2C_IsDeviceReady)
    HAL_I2C_Master_Transmit                  0x08000dc1   Thumb Code   360  stm32f1xx_hal_i2c.o(i.HAL_I2C_Master_Transmit)
    HAL_I2C_MspInit                          0x08000f31   Thumb Code   104  stm32f1xx_hal_msp.o(i.HAL_I2C_MspInit)
    HAL_IncTick                              0x08000fa5   Thumb Code    16  stm32f1xx_hal.o(i.HAL_IncTick)
    HAL_Init                                 0x08000fbd   Thumb Code    34  stm32f1xx_hal.o(i.HAL_Init)
    HAL_InitTick                             0x08000fe5   Thumb Code    64  stm32f1xx_hal.o(i.HAL_InitTick)
    HAL_MspInit                              0x08001031   Thumb Code    76  stm32f1xx_hal_msp.o(i.HAL_MspInit)
    HAL_NVIC_EnableIRQ                       0x08001085   Thumb Code    32  stm32f1xx_hal_cortex.o(i.HAL_NVIC_EnableIRQ)
    HAL_NVIC_SetPriority                     0x080010a5   Thumb Code   124  stm32f1xx_hal_cortex.o(i.HAL_NVIC_SetPriority)
    HAL_NVIC_SetPriorityGrouping             0x08001121   Thumb Code    32  stm32f1xx_hal_cortex.o(i.HAL_NVIC_SetPriorityGrouping)
    HAL_PWR_EnableBkUpAccess                 0x08001149   Thumb Code     8  stm32f1xx_hal_pwr.o(i.HAL_PWR_EnableBkUpAccess)
    HAL_RCCEx_GetPeriphCLKFreq               0x08001155   Thumb Code   248  stm32f1xx_hal_rcc_ex.o(i.HAL_RCCEx_GetPeriphCLKFreq)
    HAL_RCCEx_PeriphCLKConfig                0x08001269   Thumb Code   290  stm32f1xx_hal_rcc_ex.o(i.HAL_RCCEx_PeriphCLKConfig)
    HAL_RCC_ClockConfig                      0x08001399   Thumb Code   376  stm32f1xx_hal_rcc.o(i.HAL_RCC_ClockConfig)
    HAL_RCC_GetHCLKFreq                      0x08001525   Thumb Code     6  stm32f1xx_hal_rcc.o(i.HAL_RCC_GetHCLKFreq)
    HAL_RCC_GetPCLK1Freq                     0x08001531   Thumb Code    22  stm32f1xx_hal_rcc.o(i.HAL_RCC_GetPCLK1Freq)
    HAL_RCC_GetPCLK2Freq                     0x08001551   Thumb Code    22  stm32f1xx_hal_rcc.o(i.HAL_RCC_GetPCLK2Freq)
    HAL_RCC_GetSysClockFreq                  0x08001571   Thumb Code   116  stm32f1xx_hal_rcc.o(i.HAL_RCC_GetSysClockFreq)
    HAL_RCC_OscConfig                        0x08001605   Thumb Code  1114  stm32f1xx_hal_rcc.o(i.HAL_RCC_OscConfig)
    HAL_RTC_Init                             0x08001a69   Thumb Code   202  stm32f1xx_hal_rtc.o(i.HAL_RTC_Init)
    HAL_RTC_MspInit                          0x08001b39   Thumb Code    52  stm32f1xx_hal_msp.o(i.HAL_RTC_MspInit)
    HAL_RTC_WaitForSynchro                   0x08001b79   Thumb Code    64  stm32f1xx_hal_rtc.o(i.HAL_RTC_WaitForSynchro)
    HAL_SPI_Init                             0x08001bb9   Thumb Code   136  stm32f1xx_hal_spi.o(i.HAL_SPI_Init)
    HAL_SPI_MspInit                          0x08001c41   Thumb Code   120  stm32f1xx_hal_msp.o(i.HAL_SPI_MspInit)
    HAL_SPI_Transmit                         0x08001cc5   Thumb Code   418  stm32f1xx_hal_spi.o(i.HAL_SPI_Transmit)
    HAL_SYSTICK_Config                       0x08001e67   Thumb Code    52  stm32f1xx_hal_cortex.o(i.HAL_SYSTICK_Config)
    HAL_TIMEx_BreakCallback                  0x08001e9b   Thumb Code     2  stm32f1xx_hal_tim_ex.o(i.HAL_TIMEx_BreakCallback)
    HAL_TIMEx_CommutCallback                 0x08001e9d   Thumb Code     2  stm32f1xx_hal_tim_ex.o(i.HAL_TIMEx_CommutCallback)
    HAL_TIMEx_ConfigBreakDeadTime            0x08001e9f   Thumb Code   116  stm32f1xx_hal_tim_ex.o(i.HAL_TIMEx_ConfigBreakDeadTime)
    HAL_TIMEx_MasterConfigSynchronization    0x08001f13   Thumb Code    84  stm32f1xx_hal_tim_ex.o(i.HAL_TIMEx_MasterConfigSynchronization)
    HAL_TIM_IC_CaptureCallback               0x08001f67   Thumb Code     2  stm32f1xx_hal_tim.o(i.HAL_TIM_IC_CaptureCallback)
    HAL_TIM_IRQHandler                       0x08001f69   Thumb Code   406  stm32f1xx_hal_tim.o(i.HAL_TIM_IRQHandler)
    HAL_TIM_MspPostInit                      0x08002101   Thumb Code   128  stm32f1xx_hal_msp.o(i.HAL_TIM_MspPostInit)
    HAL_TIM_OC_ConfigChannel                 0x0800218d   Thumb Code   116  stm32f1xx_hal_tim.o(i.HAL_TIM_OC_ConfigChannel)
    HAL_TIM_OC_DelayElapsedCallback          0x08002201   Thumb Code     2  stm32f1xx_hal_tim.o(i.HAL_TIM_OC_DelayElapsedCallback)
    HAL_TIM_OC_Init                          0x08002203   Thumb Code    52  stm32f1xx_hal_tim.o(i.HAL_TIM_OC_Init)
    HAL_TIM_OC_MspInit                       0x08002239   Thumb Code    40  stm32f1xx_hal_msp.o(i.HAL_TIM_OC_MspInit)
    HAL_TIM_PWM_ConfigChannel                0x08002265   Thumb Code   264  stm32f1xx_hal_tim.o(i.HAL_TIM_PWM_ConfigChannel)
    HAL_TIM_PWM_Init                         0x0800236d   Thumb Code    52  stm32f1xx_hal_tim.o(i.HAL_TIM_PWM_Init)
    HAL_TIM_PWM_MspInit                      0x080023a1   Thumb Code    58  stm32f1xx_hal_msp.o(i.HAL_TIM_PWM_MspInit)
    HAL_TIM_PWM_PulseFinishedCallback        0x080023e5   Thumb Code     2  stm32f1xx_hal_tim.o(i.HAL_TIM_PWM_PulseFinishedCallback)
    HAL_TIM_PeriodElapsedCallback            0x080023e9   Thumb Code   188  main.o(i.HAL_TIM_PeriodElapsedCallback)
    HAL_TIM_TriggerCallback                  0x080024bd   Thumb Code     2  stm32f1xx_hal_tim.o(i.HAL_TIM_TriggerCallback)
    HAL_UART_Init                            0x080024bf   Thumb Code   114  stm32f1xx_hal_uart.o(i.HAL_UART_Init)
    HAL_UART_MspInit                         0x08002531   Thumb Code   122  stm32f1xx_hal_msp.o(i.HAL_UART_MspInit)
    HAL_UART_Receive_IT                      0x080025b9   Thumb Code   112  stm32f1xx_hal_uart.o(i.HAL_UART_Receive_IT)
    HAL_UART_Transmit                        0x08002629   Thumb Code   214  stm32f1xx_hal_uart.o(i.HAL_UART_Transmit)
    HardFault_Handler                        0x080026ff   Thumb Code     4  stm32f1xx_it.o(i.HardFault_Handler)
    MemManage_Handler                        0x08002d05   Thumb Code     4  stm32f1xx_it.o(i.MemManage_Handler)
    NMI_Handler                              0x08002d09   Thumb Code     2  stm32f1xx_it.o(i.NMI_Handler)
    PendSV_Handler                           0x08002d0b   Thumb Code     2  stm32f1xx_it.o(i.PendSV_Handler)
    SVC_Handler                              0x08002e79   Thumb Code     2  stm32f1xx_it.o(i.SVC_Handler)
    SysTick_Handler                          0x08002e7b   Thumb Code     8  stm32f1xx_it.o(i.SysTick_Handler)
    SystemClock_Config                       0x08002e83   Thumb Code   114  main.o(i.SystemClock_Config)
    SystemInit                               0x08002ef5   Thumb Code    70  system_stm32f1xx.o(i.SystemInit)
    TIM1_UP_IRQHandler                       0x08002f4d   Thumb Code    10  stm32f1xx_it.o(i.TIM1_UP_IRQHandler)
    TIM_Base_SetConfig                       0x08002f5d   Thumb Code   104  stm32f1xx_hal_tim.o(i.TIM_Base_SetConfig)
    TIM_OC2_SetConfig                        0x08003031   Thumb Code   100  stm32f1xx_hal_tim.o(i.TIM_OC2_SetConfig)
    UsageFault_Handler                       0x08003355   Thumb Code     4  stm32f1xx_it.o(i.UsageFault_Handler)
    __0vsprintf                              0x08003359   Thumb Code    30  printfa.o(i.__0vsprintf)
    __1vsprintf                              0x08003359   Thumb Code     0  printfa.o(i.__0vsprintf)
    __2vsprintf                              0x08003359   Thumb Code     0  printfa.o(i.__0vsprintf)
    __c89vsprintf                            0x08003359   Thumb Code     0  printfa.o(i.__0vsprintf)
    vsprintf                                 0x08003359   Thumb Code     0  printfa.o(i.__0vsprintf)
    __scatterload_copy                       0x080033b5   Thumb Code    14  handlers.o(i.__scatterload_copy)
    __scatterload_null                       0x080033c3   Thumb Code     2  handlers.o(i.__scatterload_null)
    __scatterload_zeroinit                   0x080033c5   Thumb Code    14  handlers.o(i.__scatterload_zeroinit)
    bool_mask_decode                         0x08003c91   Thumb Code    70  bool_mask.o(i.bool_mask_decode)
    cli_color_definition                     0x08003cd7   Thumb Code     2  cli.o(i.cli_color_definition)
    cli_data_cleanse                         0x08003cd9   Thumb Code   106  cli.o(i.cli_data_cleanse)
    cli_formulate_response                   0x08003d45   Thumb Code    66  cli.o(i.cli_formulate_response)
    cli_interpret_data                       0x08003d99   Thumb Code   494  cli.o(i.cli_interpret_data)
    cli_parse_data                           0x08003ff9   Thumb Code   220  cli.o(i.cli_parse_data)
    cli_rgb2color                            0x080040d5   Thumb Code    56  cli.o(i.cli_rgb2color)
    cli_str2int                              0x0800410d   Thumb Code    38  cli.o(i.cli_str2int)
    cli_strcmp                               0x08004133   Thumb Code    56  cli.o(i.cli_strcmp)
    cli_strcpy                               0x0800416b   Thumb Code    26  cli.o(i.cli_strcpy)
    current_lyr_on                           0x08004185   Thumb Code   122  main.o(i.current_lyr_on)
    frame_set_mask_color                     0x08004205   Thumb Code   306  frame.o(i.frame_set_mask_color)
    frame_set_single_led_color               0x08004337   Thumb Code   292  frame.o(i.frame_set_single_led_color)
    lcd20x4_i2c_1stLine                      0x0800445b   Thumb Code    12  lcd20x4_i2c.o(i.lcd20x4_i2c_1stLine)
    lcd20x4_i2c_clear                        0x08004467   Thumb Code    16  lcd20x4_i2c.o(i.lcd20x4_i2c_clear)
    lcd20x4_i2c_init                         0x08004479   Thumb Code   184  lcd20x4_i2c.o(i.lcd20x4_i2c_init)
    lcd20x4_i2c_printf                       0x08004539   Thumb Code    62  lcd20x4_i2c.o(i.lcd20x4_i2c_printf)
    lcd20x4_i2c_setCursor                    0x08004611   Thumb Code    66  lcd20x4_i2c.o(i.lcd20x4_i2c_setCursor)
    lyr_frame_set_mask_color                 0x08004653   Thumb Code    60  lyrframe.o(i.lyr_frame_set_mask_color)
    lyr_frame_set_single_led_color           0x0800468f   Thumb Code    44  lyrframe.o(i.lyr_frame_set_single_led_color)
    main                                     0x080046bd   Thumb Code   280  main.o(i.main)
    previous_lyr_off                         0x08004811   Thumb Code   110  main.o(i.previous_lyr_off)
    tlc_clear                                0x08004885   Thumb Code    22  tlc5940.o(i.tlc_clear)
    tlc_spi_convert                          0x0800489b   Thumb Code    98  tlc5940.o(i.tlc_spi_convert)
    AHBPrescTable                            0x080048fc   Data          16  system_stm32f1xx.o(.constdata)
    APBPrescTable                            0x0800490c   Data           8  system_stm32f1xx.o(.constdata)
    Region$$Table$$Base                      0x08004914   Number         0  anon$$obj.o(Region$$Table)
    Region$$Table$$Limit                     0x08004934   Number         0  anon$$obj.o(Region$$Table)
    UPDATE_FRAME                             0x2000000c   Data           1  main.o(.data)
    commandReceived                          0x2000000d   Data           1  main.o(.data)
    activeLyr                                0x2000000e   Data           1  main.o(.data)
    uartRxIndex                              0x2000000f   Data           1  main.o(.data)
    data16Ptr                                0x20000010   Data           4  main.o(.data)
    data8Ptr                                 0x20000014   Data           4  main.o(.data)
    redMap                                   0x20000018   Data          64  main.o(.data)
    grnMap                                   0x20000058   Data          64  main.o(.data)
    bluMap                                   0x20000098   Data          64  main.o(.data)
    framePtr                                 0x200000d8   Data           4  main.o(.data)
    cliDataPtr                               0x200000dc   Data           4  main.o(.data)
    uwTick                                   0x200000e8   Data           4  stm32f1xx_hal.o(.data)
    uwTickPrio                               0x200000ec   Data           4  stm32f1xx_hal.o(.data)
    uwTickFreq                               0x200000f0   Data           1  stm32f1xx_hal.o(.data)
    SystemCoreClock                          0x200000f4   Data           4  system_stm32f1xx.o(.data)
    hi2c1                                    0x200000f8   Data          84  main.o(.bss)
    hrtc                                     0x2000014c   Data          20  main.o(.bss)
    hspi1                                    0x20000160   Data          88  main.o(.bss)
    htim1                                    0x200001b8   Data          64  main.o(.bss)
    htim2                                    0x200001f8   Data          64  main.o(.bss)
    huart1                                   0x20000238   Data          64  main.o(.bss)
    data16                                   0x20000278   Data         384  main.o(.bss)
    data8                                    0x200003f8   Data         288  main.o(.bss)
    uartTxBuffer                             0x20000518   Data          32  main.o(.bss)
    uartRxBuffer                             0x20000538   Data         100  main.o(.bss)
    frame                                    0x2000059c   Data        3168  main.o(.bss)
    cliData                                  0x200011fc   Data         255  main.o(.bss)
    __initial_sp                             0x20003300   Data           0  startup_stm32f103xb.o(STACK)



==============================================================================

Memory Map of the image

  Image Entry point : 0x080000ed

  Load Region LR_IROM1 (Base: 0x08000000, Size: 0x00004a2c, Max: 0x00010000, ABSOLUTE)

    Execution Region ER_IROM1 (Exec base: 0x08000000, Load base: 0x08000000, Size: 0x00004934, Max: 0x00010000, ABSOLUTE)

    Exec Addr    Load Addr    Size         Type   Attr      Idx    E Section Name        Object

    0x08000000   0x08000000   0x000000ec   Data   RO            3    RESET               startup_stm32f103xb.o
    0x080000ec   0x080000ec   0x00000000   Code   RO         4480  * .ARM.Collect$$$$00000000  mc_w.l(entry.o)
    0x080000ec   0x080000ec   0x00000004   Code   RO         4521    .ARM.Collect$$$$00000001  mc_w.l(entry2.o)
    0x080000f0   0x080000f0   0x00000004   Code   RO         4524    .ARM.Collect$$$$00000004  mc_w.l(entry5.o)
    0x080000f4   0x080000f4   0x00000000   Code   RO         4526    .ARM.Collect$$$$00000008  mc_w.l(entry7b.o)
    0x080000f4   0x080000f4   0x00000000   Code   RO         4528    .ARM.Collect$$$$0000000A  mc_w.l(entry8b.o)
    0x080000f4   0x080000f4   0x00000008   Code   RO         4529    .ARM.Collect$$$$0000000B  mc_w.l(entry9a.o)
    0x080000fc   0x080000fc   0x00000000   Code   RO         4531    .ARM.Collect$$$$0000000D  mc_w.l(entry10a.o)
    0x080000fc   0x080000fc   0x00000000   Code   RO         4533    .ARM.Collect$$$$0000000F  mc_w.l(entry11a.o)
    0x080000fc   0x080000fc   0x00000004   Code   RO         4522    .ARM.Collect$$$$00002712  mc_w.l(entry2.o)
    0x08000100   0x08000100   0x00000024   Code   RO            4    .text               startup_stm32f103xb.o
    0x08000124   0x08000124   0x00000020   Code   RO         4483    .text               mc_w.l(llushr.o)
    0x08000144   0x08000144   0x00000024   Code   RO         4485    .text               mc_w.l(memcpya.o)
    0x08000168   0x08000168   0x00000024   Code   RO         4487    .text               mc_w.l(memseta.o)
    0x0800018c   0x0800018c   0x0000000e   Code   RO         4489    .text               mc_w.l(strlen.o)
    0x0800019a   0x0800019a   0x0000002c   Code   RO         4538    .text               mc_w.l(uidiv.o)
    0x080001c6   0x080001c6   0x00000062   Code   RO         4540    .text               mc_w.l(uldiv.o)
    0x08000228   0x08000228   0x00000000   Code   RO         4542    .text               mc_w.l(iusefp.o)
    0x08000228   0x08000228   0x0000014e   Code   RO         4543    .text               mf_w.l(dadd.o)
    0x08000376   0x08000376   0x000000e4   Code   RO         4545    .text               mf_w.l(dmul.o)
    0x0800045a   0x0800045a   0x000000de   Code   RO         4547    .text               mf_w.l(ddiv.o)
    0x08000538   0x08000538   0x00000030   Code   RO         4549    .text               mf_w.l(dfixul.o)
    0x08000568   0x08000568   0x00000030   Code   RO         4551    .text               mf_w.l(cdrcmple.o)
    0x08000598   0x08000598   0x00000024   Code   RO         4553    .text               mc_w.l(init.o)
    0x080005bc   0x080005bc   0x0000001e   Code   RO         4556    .text               mc_w.l(llshl.o)
    0x080005da   0x080005da   0x00000024   Code   RO         4558    .text               mc_w.l(llsshr.o)
    0x080005fe   0x080005fe   0x000000ba   Code   RO         4561    .text               mf_w.l(depilogue.o)
    0x080006b8   0x080006b8   0x00000004   Code   RO          253    i.BusFault_Handler  stm32f1xx_it.o
    0x080006bc   0x080006bc   0x00000002   Code   RO          254    i.DebugMon_Handler  stm32f1xx_it.o
    0x080006be   0x080006be   0x0000000a   Code   RO          255    i.EXTI4_IRQHandler  stm32f1xx_it.o
    0x080006c8   0x080006c8   0x0000000a   Code   RO          256    i.EXTI9_5_IRQHandler  stm32f1xx_it.o
    0x080006d2   0x080006d2   0x00000002   Code   RO           13    i.Error_Handler     main.o
    0x080006d4   0x080006d4   0x00000028   Code   RO         1578    i.HAL_Delay         stm32f1xx_hal.o
    0x080006fc   0x080006fc   0x00000002   Code   RO           14    i.HAL_GPIO_EXTI_Callback  main.o
    0x080006fe   0x080006fe   0x00000002   PAD
    0x08000700   0x08000700   0x0000001c   Code   RO         1890    i.HAL_GPIO_EXTI_IRQHandler  stm32f1xx_hal_gpio.o
    0x0800071c   0x0800071c   0x00000320   Code   RO         1891    i.HAL_GPIO_Init     stm32f1xx_hal_gpio.o
    0x08000a3c   0x08000a3c   0x0000000e   Code   RO         1894    i.HAL_GPIO_TogglePin  stm32f1xx_hal_gpio.o
    0x08000a4a   0x08000a4a   0x0000000c   Code   RO         1895    i.HAL_GPIO_WritePin  stm32f1xx_hal_gpio.o
    0x08000a56   0x08000a56   0x00000002   PAD
    0x08000a58   0x08000a58   0x0000000c   Code   RO         1582    i.HAL_GetTick       stm32f1xx_hal.o
    0x08000a64   0x08000a64   0x000001b8   Code   RO         1120    i.HAL_I2C_Init      stm32f1xx_hal_i2c.o
    0x08000c1c   0x08000c1c   0x000001a4   Code   RO         1121    i.HAL_I2C_IsDeviceReady  stm32f1xx_hal_i2c.o
    0x08000dc0   0x08000dc0   0x00000170   Code   RO         1133    i.HAL_I2C_Master_Transmit  stm32f1xx_hal_i2c.o
    0x08000f30   0x08000f30   0x00000074   Code   RO          361    i.HAL_I2C_MspInit   stm32f1xx_hal_msp.o
    0x08000fa4   0x08000fa4   0x00000018   Code   RO         1588    i.HAL_IncTick       stm32f1xx_hal.o
    0x08000fbc   0x08000fbc   0x00000028   Code   RO         1589    i.HAL_Init          stm32f1xx_hal.o
    0x08000fe4   0x08000fe4   0x0000004c   Code   RO         1590    i.HAL_InitTick      stm32f1xx_hal.o
    0x08001030   0x08001030   0x00000054   Code   RO          362    i.HAL_MspInit       stm32f1xx_hal_msp.o
    0x08001084   0x08001084   0x00000020   Code   RO         2051    i.HAL_NVIC_EnableIRQ  stm32f1xx_hal_cortex.o
    0x080010a4   0x080010a4   0x0000007c   Code   RO         2057    i.HAL_NVIC_SetPriority  stm32f1xx_hal_cortex.o
    0x08001120   0x08001120   0x00000028   Code   RO         2058    i.HAL_NVIC_SetPriorityGrouping  stm32f1xx_hal_cortex.o
    0x08001148   0x08001148   0x0000000c   Code   RO         2178    i.HAL_PWR_EnableBkUpAccess  stm32f1xx_hal_pwr.o
    0x08001154   0x08001154   0x00000114   Code   RO         1853    i.HAL_RCCEx_GetPeriphCLKFreq  stm32f1xx_hal_rcc_ex.o
    0x08001268   0x08001268   0x00000130   Code   RO         1854    i.HAL_RCCEx_PeriphCLKConfig  stm32f1xx_hal_rcc_ex.o
    0x08001398   0x08001398   0x0000018c   Code   RO         1746    i.HAL_RCC_ClockConfig  stm32f1xx_hal_rcc.o
    0x08001524   0x08001524   0x0000000c   Code   RO         1751    i.HAL_RCC_GetHCLKFreq  stm32f1xx_hal_rcc.o
    0x08001530   0x08001530   0x00000020   Code   RO         1753    i.HAL_RCC_GetPCLK1Freq  stm32f1xx_hal_rcc.o
    0x08001550   0x08001550   0x00000020   Code   RO         1754    i.HAL_RCC_GetPCLK2Freq  stm32f1xx_hal_rcc.o
    0x08001570   0x08001570   0x00000094   Code   RO         1755    i.HAL_RCC_GetSysClockFreq  stm32f1xx_hal_rcc.o
    0x08001604   0x08001604   0x00000464   Code   RO         1758    i.HAL_RCC_OscConfig  stm32f1xx_hal_rcc.o
    0x08001a68   0x08001a68   0x000000d0   Code   RO         2585    i.HAL_RTC_Init      stm32f1xx_hal_rtc.o
    0x08001b38   0x08001b38   0x00000040   Code   RO          364    i.HAL_RTC_MspInit   stm32f1xx_hal_msp.o
    0x08001b78   0x08001b78   0x00000040   Code   RO         2593    i.HAL_RTC_WaitForSynchro  stm32f1xx_hal_rtc.o
    0x08001bb8   0x08001bb8   0x00000088   Code   RO         2865    i.HAL_SPI_Init      stm32f1xx_hal_spi.o
    0x08001c40   0x08001c40   0x00000084   Code   RO          366    i.HAL_SPI_MspInit   stm32f1xx_hal_msp.o
    0x08001cc4   0x08001cc4   0x000001a2   Code   RO         2873    i.HAL_SPI_Transmit  stm32f1xx_hal_spi.o
    0x08001e66   0x08001e66   0x00000034   Code   RO         2062    i.HAL_SYSTICK_Config  stm32f1xx_hal_cortex.o
    0x08001e9a   0x08001e9a   0x00000002   Code   RO         3864    i.HAL_TIMEx_BreakCallback  stm32f1xx_hal_tim_ex.o
    0x08001e9c   0x08001e9c   0x00000002   Code   RO         3865    i.HAL_TIMEx_CommutCallback  stm32f1xx_hal_tim_ex.o
    0x08001e9e   0x08001e9e   0x00000074   Code   RO         3867    i.HAL_TIMEx_ConfigBreakDeadTime  stm32f1xx_hal_tim_ex.o
    0x08001f12   0x08001f12   0x00000054   Code   RO         3882    i.HAL_TIMEx_MasterConfigSynchronization  stm32f1xx_hal_tim_ex.o
    0x08001f66   0x08001f66   0x00000002   Code   RO         3207    i.HAL_TIM_IC_CaptureCallback  stm32f1xx_hal_tim.o
    0x08001f68   0x08001f68   0x00000196   Code   RO         3221    i.HAL_TIM_IRQHandler  stm32f1xx_hal_tim.o
    0x080020fe   0x080020fe   0x00000002   PAD
    0x08002100   0x08002100   0x0000008c   Code   RO          367    i.HAL_TIM_MspPostInit  stm32f1xx_hal_msp.o
    0x0800218c   0x0800218c   0x00000074   Code   RO         3222    i.HAL_TIM_OC_ConfigChannel  stm32f1xx_hal_tim.o
    0x08002200   0x08002200   0x00000002   Code   RO         3224    i.HAL_TIM_OC_DelayElapsedCallback  stm32f1xx_hal_tim.o
    0x08002202   0x08002202   0x00000034   Code   RO         3226    i.HAL_TIM_OC_Init   stm32f1xx_hal_tim.o
    0x08002236   0x08002236   0x00000002   PAD
    0x08002238   0x08002238   0x0000002c   Code   RO          369    i.HAL_TIM_OC_MspInit  stm32f1xx_hal_msp.o
    0x08002264   0x08002264   0x00000108   Code   RO         3245    i.HAL_TIM_PWM_ConfigChannel  stm32f1xx_hal_tim.o
    0x0800236c   0x0800236c   0x00000034   Code   RO         3248    i.HAL_TIM_PWM_Init  stm32f1xx_hal_tim.o
    0x080023a0   0x080023a0   0x00000044   Code   RO          371    i.HAL_TIM_PWM_MspInit  stm32f1xx_hal_msp.o
    0x080023e4   0x080023e4   0x00000002   Code   RO         3251    i.HAL_TIM_PWM_PulseFinishedCallback  stm32f1xx_hal_tim.o
    0x080023e6   0x080023e6   0x00000002   PAD
    0x080023e8   0x080023e8   0x000000d4   Code   RO           15    i.HAL_TIM_PeriodElapsedCallback  main.o
    0x080024bc   0x080024bc   0x00000002   Code   RO         3264    i.HAL_TIM_TriggerCallback  stm32f1xx_hal_tim.o
    0x080024be   0x080024be   0x00000072   Code   RO         4140    i.HAL_UART_Init     stm32f1xx_hal_uart.o
    0x08002530   0x08002530   0x00000088   Code   RO          373    i.HAL_UART_MspInit  stm32f1xx_hal_msp.o
    0x080025b8   0x080025b8   0x00000070   Code   RO         4145    i.HAL_UART_Receive_IT  stm32f1xx_hal_uart.o
    0x08002628   0x08002628   0x000000d6   Code   RO         4148    i.HAL_UART_Transmit  stm32f1xx_hal_uart.o
    0x080026fe   0x080026fe   0x00000004   Code   RO          257    i.HardFault_Handler  stm32f1xx_it.o
    0x08002702   0x08002702   0x0000003e   Code   RO         1163    i.I2C_IsAcknowledgeFailed  stm32f1xx_hal_i2c.o
    0x08002740   0x08002740   0x000000ac   Code   RO         1167    i.I2C_MasterRequestWrite  stm32f1xx_hal_i2c.o
    0x080027ec   0x080027ec   0x0000005c   Code   RO         1182    i.I2C_WaitOnBTFFlagUntilTimeout  stm32f1xx_hal_i2c.o
    0x08002848   0x08002848   0x00000086   Code   RO         1183    i.I2C_WaitOnFlagUntilTimeout  stm32f1xx_hal_i2c.o
    0x080028ce   0x080028ce   0x000000c4   Code   RO         1184    i.I2C_WaitOnMasterAddressFlagUntilTimeout  stm32f1xx_hal_i2c.o
    0x08002992   0x08002992   0x0000005c   Code   RO         1187    i.I2C_WaitOnTXEFlagUntilTimeout  stm32f1xx_hal_i2c.o
    0x080029ee   0x080029ee   0x00000002   PAD
    0x080029f0   0x080029f0   0x00000108   Code   RO           17    i.MX_GPIO_Init      main.o
    0x08002af8   0x08002af8   0x0000003c   Code   RO           18    i.MX_I2C1_Init      main.o
    0x08002b34   0x08002b34   0x0000002c   Code   RO           19    i.MX_RTC_Init       main.o
    0x08002b60   0x08002b60   0x00000044   Code   RO           20    i.MX_SPI1_Init      main.o
    0x08002ba4   0x08002ba4   0x000000b0   Code   RO           21    i.MX_TIM1_Init      main.o
    0x08002c54   0x08002c54   0x00000078   Code   RO           22    i.MX_TIM2_Init      main.o
    0x08002ccc   0x08002ccc   0x00000038   Code   RO           23    i.MX_USART1_UART_Init  main.o
    0x08002d04   0x08002d04   0x00000004   Code   RO          258    i.MemManage_Handler  stm32f1xx_it.o
    0x08002d08   0x08002d08   0x00000002   Code   RO          259    i.NMI_Handler       stm32f1xx_it.o
    0x08002d0a   0x08002d0a   0x00000002   Code   RO          260    i.PendSV_Handler    stm32f1xx_it.o
    0x08002d0c   0x08002d0c   0x00000028   Code   RO         1759    i.RCC_Delay         stm32f1xx_hal_rcc.o
    0x08002d34   0x08002d34   0x0000003a   Code   RO         2597    i.RTC_EnterInitMode  stm32f1xx_hal_rtc.o
    0x08002d6e   0x08002d6e   0x0000003a   Code   RO         2598    i.RTC_ExitInitMode  stm32f1xx_hal_rtc.o
    0x08002da8   0x08002da8   0x00000028   Code   RO         2903    i.SPI_EndRxTxTransaction  stm32f1xx_hal_spi.o
    0x08002dd0   0x08002dd0   0x000000a8   Code   RO         2908    i.SPI_WaitFlagStateUntilTimeout  stm32f1xx_hal_spi.o
    0x08002e78   0x08002e78   0x00000002   Code   RO          261    i.SVC_Handler       stm32f1xx_it.o
    0x08002e7a   0x08002e7a   0x00000008   Code   RO          262    i.SysTick_Handler   stm32f1xx_it.o
    0x08002e82   0x08002e82   0x00000072   Code   RO           24    i.SystemClock_Config  main.o
    0x08002ef4   0x08002ef4   0x00000058   Code   RO         4447    i.SystemInit        system_stm32f1xx.o
    0x08002f4c   0x08002f4c   0x00000010   Code   RO          263    i.TIM1_UP_IRQHandler  stm32f1xx_it.o
    0x08002f5c   0x08002f5c   0x00000074   Code   RO         3266    i.TIM_Base_SetConfig  stm32f1xx_hal_tim.o
    0x08002fd0   0x08002fd0   0x00000060   Code   RO         3279    i.TIM_OC1_SetConfig  stm32f1xx_hal_tim.o
    0x08003030   0x08003030   0x00000068   Code   RO         3280    i.TIM_OC2_SetConfig  stm32f1xx_hal_tim.o
    0x08003098   0x08003098   0x00000068   Code   RO         3281    i.TIM_OC3_SetConfig  stm32f1xx_hal_tim.o
    0x08003100   0x08003100   0x00000048   Code   RO         3282    i.TIM_OC4_SetConfig  stm32f1xx_hal_tim.o
    0x08003148   0x08003148   0x000001a0   Code   RO         4167    i.UART_SetConfig    stm32f1xx_hal_uart.o
    0x080032e8   0x080032e8   0x0000006c   Code   RO         4169    i.UART_WaitOnFlagUntilTimeout  stm32f1xx_hal_uart.o
    0x08003354   0x08003354   0x00000004   Code   RO          264    i.UsageFault_Handler  stm32f1xx_it.o
    0x08003358   0x08003358   0x00000024   Code   RO         4500    i.__0vsprintf       mc_w.l(printfa.o)
    0x0800337c   0x0800337c   0x00000010   Code   RO         2064    i.__NVIC_GetPriorityGrouping  stm32f1xx_hal_cortex.o
    0x0800338c   0x0800338c   0x00000028   Code   RO         2065    i.__NVIC_SetPriority  stm32f1xx_hal_cortex.o
    0x080033b4   0x080033b4   0x0000000e   Code   RO         4565    i.__scatterload_copy  mc_w.l(handlers.o)
    0x080033c2   0x080033c2   0x00000002   Code   RO         4566    i.__scatterload_null  mc_w.l(handlers.o)
    0x080033c4   0x080033c4   0x0000000e   Code   RO         4567    i.__scatterload_zeroinit  mc_w.l(handlers.o)
    0x080033d2   0x080033d2   0x00000002   PAD
    0x080033d4   0x080033d4   0x00000184   Code   RO         4501    i._fp_digits        mc_w.l(printfa.o)
    0x08003558   0x08003558   0x000006dc   Code   RO         4502    i._printf_core      mc_w.l(printfa.o)
    0x08003c34   0x08003c34   0x00000024   Code   RO         4503    i._printf_post_padding  mc_w.l(printfa.o)
    0x08003c58   0x08003c58   0x0000002e   Code   RO         4504    i._printf_pre_padding  mc_w.l(printfa.o)
    0x08003c86   0x08003c86   0x0000000a   Code   RO         4506    i._sputc            mc_w.l(printfa.o)
    0x08003c90   0x08003c90   0x00000046   Code   RO         1013    i.bool_mask_decode  bool_mask.o
    0x08003cd6   0x08003cd6   0x00000002   Code   RO          620    i.cli_color_definition  cli.o
    0x08003cd8   0x08003cd8   0x0000006a   Code   RO          621    i.cli_data_cleanse  cli.o
    0x08003d42   0x08003d42   0x00000002   PAD
    0x08003d44   0x08003d44   0x00000054   Code   RO          622    i.cli_formulate_response  cli.o
    0x08003d98   0x08003d98   0x00000260   Code   RO          623    i.cli_interpret_data  cli.o
    0x08003ff8   0x08003ff8   0x000000dc   Code   RO          624    i.cli_parse_data    cli.o
    0x080040d4   0x080040d4   0x00000038   Code   RO          625    i.cli_rgb2color     cli.o
    0x0800410c   0x0800410c   0x00000026   Code   RO          626    i.cli_str2int       cli.o
    0x08004132   0x08004132   0x00000038   Code   RO          627    i.cli_strcmp        cli.o
    0x0800416a   0x0800416a   0x0000001a   Code   RO          628    i.cli_strcpy        cli.o
    0x08004184   0x08004184   0x00000080   Code   RO           25    i.current_lyr_on    main.o
    0x08004204   0x08004204   0x00000132   Code   RO          776    i.frame_set_mask_color  frame.o
    0x08004336   0x08004336   0x00000124   Code   RO          777    i.frame_set_single_led_color  frame.o
    0x0800445a   0x0800445a   0x0000000c   Code   RO          888    i.lcd20x4_i2c_1stLine  lcd20x4_i2c.o
    0x08004466   0x08004466   0x00000010   Code   RO          894    i.lcd20x4_i2c_clear  lcd20x4_i2c.o
    0x08004476   0x08004476   0x00000002   PAD
    0x08004478   0x08004478   0x000000c0   Code   RO          897    i.lcd20x4_i2c_init  lcd20x4_i2c.o
    0x08004538   0x08004538   0x0000003e   Code   RO          898    i.lcd20x4_i2c_printf  lcd20x4_i2c.o
    0x08004576   0x08004576   0x00000002   PAD
    0x08004578   0x08004578   0x0000004c   Code   RO          899    i.lcd20x4_i2c_sendCommand  lcd20x4_i2c.o
    0x080045c4   0x080045c4   0x0000004c   Code   RO          900    i.lcd20x4_i2c_sendData  lcd20x4_i2c.o
    0x08004610   0x08004610   0x00000042   Code   RO          901    i.lcd20x4_i2c_setCursor  lcd20x4_i2c.o
    0x08004652   0x08004652   0x0000003c   Code   RO          801    i.lyr_frame_set_mask_color  lyrframe.o
    0x0800468e   0x0800468e   0x0000002c   Code   RO          803    i.lyr_frame_set_single_led_color  lyrframe.o
    0x080046ba   0x080046ba   0x00000002   PAD
    0x080046bc   0x080046bc   0x00000154   Code   RO           26    i.main              main.o
    0x08004810   0x08004810   0x00000074   Code   RO           27    i.previous_lyr_off  main.o
    0x08004884   0x08004884   0x00000016   Code   RO          465    i.tlc_clear         tlc5940.o
    0x0800489a   0x0800489a   0x00000062   Code   RO          473    i.tlc_spi_convert   tlc5940.o
    0x080048fc   0x080048fc   0x00000018   Data   RO         4448    .constdata          system_stm32f1xx.o
    0x08004914   0x08004914   0x00000020   Data   RO         4563    Region$$Table       anon$$obj.o


    Execution Region RW_IRAM1 (Exec base: 0x20000000, Load base: 0x08004934, Size: 0x00003300, Max: 0x00005000, ABSOLUTE)

    Exec Addr    Load Addr    Size         Type   Attr      Idx    E Section Name        Object

    0x20000000   0x08004934   0x000000e0   Data   RW           29    .data               main.o
    0x200000e0   0x08004a14   0x00000005   Data   RW          904    .data               lcd20x4_i2c.o
    0x200000e5   0x08004a19   0x00000003   PAD
    0x200000e8   0x08004a1c   0x00000009   Data   RW         1596    .data               stm32f1xx_hal.o
    0x200000f1   0x08004a25   0x00000003   PAD
    0x200000f4   0x08004a28   0x00000004   Data   RW         4449    .data               system_stm32f1xx.o
    0x200000f8        -       0x00001203   Zero   RW           28    .bss                main.o
    0x200012fb   0x08004a2c   0x00000005   PAD
    0x20001300        -       0x00002000   Zero   RW            1    STACK               startup_stm32f103xb.o


==============================================================================

Image component sizes


      Code (inc. data)   RO Data    RW Data    ZI Data      Debug   Object Name

        70          0          0          0          0        647   bool_mask.o
      1196        132          0          0          0       6893   cli.o
       598          0          0          0          0       1792   frame.o
       500         24          0          5          0       5213   lcd20x4_i2c.o
       104          0          0          0          0       1460   lyrframe.o
      1702        170          0        224       4611     453639   main.o
        36          8        236          0       8192        804   startup_stm32f103xb.o
       192         36          0          9          0       5897   stm32f1xx_hal.o
       304         22          0          0          0      29423   stm32f1xx_hal_cortex.o
       854         38          0          0          0       3868   stm32f1xx_hal_gpio.o
      1976         42          0          0          0       9065   stm32f1xx_hal_i2c.o
       784         84          0          0          0       5324   stm32f1xx_hal_msp.o
        12          4          0          0          0        515   stm32f1xx_hal_pwr.o
      1784        110          0          0          0       6016   stm32f1xx_hal_rcc.o
       580         42          0          0          0       2409   stm32f1xx_hal_rcc_ex.o
       388          6          0          0          0       3296   stm32f1xx_hal_rtc.o
       762          0          0          0          0       3978   stm32f1xx_hal_spi.o
      1390         32          0          0          0       9963   stm32f1xx_hal_tim.o
       204          0          0          0          0       3153   stm32f1xx_hal_tim_ex.o
       964          4          0          0          0       4338   stm32f1xx_hal_uart.o
        68          6          0          0          0       6236   stm32f1xx_it.o
        88         18         24          4          0       1163   system_stm32f1xx.o
       120          0          0          0          0       1685   tlc5940.o

    ----------------------------------------------------------------------
     14696        778        292        248      12808     566777   Object Totals
         0          0         32          0          0          0   (incl. Generated)
        20          0          0          6          5          0   (incl. Padding)

    ----------------------------------------------------------------------

      Code (inc. data)   RO Data    RW Data    ZI Data      Debug   Library Member Name

         0          0          0          0          0          0   entry.o
         0          0          0          0          0          0   entry10a.o
         0          0          0          0          0          0   entry11a.o
         8          4          0          0          0          0   entry2.o
         4          0          0          0          0          0   entry5.o
         0          0          0          0          0          0   entry7b.o
         0          0          0          0          0          0   entry8b.o
         8          4          0          0          0          0   entry9a.o
        30          0          0          0          0          0   handlers.o
        36          8          0          0          0         68   init.o
         0          0          0          0          0          0   iusefp.o
        30          0          0          0          0         68   llshl.o
        36          0          0          0          0         68   llsshr.o
        32          0          0          0          0         68   llushr.o
        36          0          0          0          0         68   memcpya.o
        36          0          0          0          0        108   memseta.o
      2272         86          0          0          0        516   printfa.o
        14          0          0          0          0         68   strlen.o
        44          0          0          0          0         80   uidiv.o
        98          0          0          0          0         92   uldiv.o
        48          0          0          0          0         68   cdrcmple.o
       334          0          0          0          0        148   dadd.o
       222          0          0          0          0        100   ddiv.o
       186          0          0          0          0        176   depilogue.o
        48          0          0          0          0         68   dfixul.o
       228          0          0          0          0         96   dmul.o

    ----------------------------------------------------------------------
      3752        102          0          0          0       1860   Library Totals
         2          0          0          0          0          0   (incl. Padding)

    ----------------------------------------------------------------------

      Code (inc. data)   RO Data    RW Data    ZI Data      Debug   Library Name

      2684        102          0          0          0       1204   mc_w.l
      1066          0          0          0          0        656   mf_w.l

    ----------------------------------------------------------------------
      3752        102          0          0          0       1860   Library Totals

    ----------------------------------------------------------------------

==============================================================================


      Code (inc. data)   RO Data    RW Data    ZI Data      Debug   

     18448        880        292        248      12808     561769   Grand Totals
     18448        880        292        248      12808     561769   ELF Image Totals
     18448        880        292        248          0          0   ROM Totals

==============================================================================

    Total RO  Size (Code + RO Data)                18740 (  18.30kB)
    Total RW  Size (RW Data + ZI Data)             13056 (  12.75kB)
    Total ROM Size (Code + RO Data + RW Data)      18988 (  18.54kB)

==============================================================================

